#
# There is insufficient memory for the Java Runtime Environment to continue.
# Native memory allocation (mmap) failed to map 266338304 bytes for G1 virtual space
# Possible reasons:
#   The system is out of physical RAM or swap space
#   The process is running with CompressedOops enabled, and the Java Heap may be blocking the growth of the native heap
# Possible solutions:
#   Reduce memory load on the system
#   Increase physical memory or swap space
#   Check if swap backing store is full
#   Decrease Java heap size (-Xmx/-Xms)
#   Decrease number of Java threads
#   Decrease Java thread stack sizes (-Xss)
#   Set larger code cache with -XX:ReservedCodeCacheSize=
#   JVM is running with Zero Based Compressed Oops mode in which the Java heap is
#     placed in the first 32GB address space. The Java Heap base address is the
#     maximum limit for the native heap growth. Please use -XX:HeapBaseMinAddress
#     to set the Java Heap base and to place the Java Heap above 32GB virtual address.
# This output file may be truncated or incomplete.
#
#  Out of Memory Error (os_windows.cpp:3550), pid=89412, tid=140496
#
# JRE version:  (17.0.7+8) (build )
# Java VM: Java HotSpot(TM) 64-Bit Server VM (17.0.7+8-LTS-224, mixed mode, sharing, tiered, compressed oops, compressed class ptrs, g1 gc, windows-amd64)
# No core dump will be written. Minidumps are not enabled by default on client versions of Windows
#

---------------  S U M M A R Y ------------

Command Line: -XX:+ShowCodeDetailsInExceptionMessages -Dfile.encoding=UTF-8 br.com.gubee.interview.core.Application

Host: AMD Ryzen 5 5600G with Radeon Graphics         , 12 cores, 15G,  Windows 10 , 64 bit Build 19041 (10.0.19041.5915)
Time: Thu Oct 23 09:06:41 2025 Hora oficial do Brasil elapsed time: 0.009157 seconds (0d 0h 0m 0s)

---------------  T H R E A D  ---------------

Current thread (0x000001f136d82160):  JavaThread "Unknown thread" [_thread_in_vm, id=140496, stack(0x0000002a12700000,0x0000002a12800000)]

Stack: [0x0000002a12700000,0x0000002a12800000]
Native frames: (J=compiled Java code, j=interpreted, Vv=VM code, C=native code)
V  [jvm.dll+0x676a4a]
V  [jvm.dll+0x7d74f4]
V  [jvm.dll+0x7d8c9e]
V  [jvm.dll+0x7d9303]
V  [jvm.dll+0x2452c5]
V  [jvm.dll+0x6738f9]
V  [jvm.dll+0x668232]
V  [jvm.dll+0x302826]
V  [jvm.dll+0x309da6]
V  [jvm.dll+0x35952e]
V  [jvm.dll+0x35975f]
V  [jvm.dll+0x2d9a38]
V  [jvm.dll+0x2da9a4]
V  [jvm.dll+0x7a8fb1]
V  [jvm.dll+0x3670e1]
V  [jvm.dll+0x788359]
V  [jvm.dll+0x3ea5ef]
V  [jvm.dll+0x3ec071]
C  [jli.dll+0x5297]
C  [ucrtbase.dll+0x21bb2]
C  [KERNEL32.DLL+0x17374]
C  [ntdll.dll+0x4cc91]


---------------  P R O C E S S  ---------------

Threads class SMR info:
_java_thread_list=0x00007ffd5f354998, length=0, elements={
}

Java Threads: ( => current thread )

Other Threads:
  0x000001f136dee450 GCTaskThread "GC Thread#0" [stack: 0x0000002a12800000,0x0000002a12900000] [id=108656]
  0x000001f136dffe80 ConcurrentGCThread "G1 Main Marker" [stack: 0x0000002a12900000,0x0000002a12a00000] [id=140744]
  0x000001f136e006a0 ConcurrentGCThread "G1 Conc#0" [stack: 0x0000002a12a00000,0x0000002a12b00000] [id=97560]

[error occurred during error reporting (printing all threads), id 0xc0000005, EXCEPTION_ACCESS_VIOLATION (0xc0000005) at pc=0x00007ffd5eb8a697]

VM state: not at safepoint (not fully initialized)

VM Mutex/Monitor currently owned by a thread:  ([mutex/lock_event])
[0x000001f136d7c8c0] Heap_lock - owner thread: 0x000001f136d82160

Heap address: 0x0000000703200000, size: 4046 MB, Compressed Oops mode: Zero based, Oop shift amount: 3

CDS archive(s) mapped at: [0x0000000000000000-0x0000000000000000-0x0000000000000000), size 0, SharedBaseAddress: 0x0000000800000000, ArchiveRelocationMode: 0.
Narrow klass base: 0x0000000000000000, Narrow klass shift: 0, Narrow klass range: 0x0

GC Precious Log:
<Empty>

Heap:
 garbage-first heap   total 0K, used 0K [0x0000000703200000, 0x0000000800000000)
  region size 2048K, 0 young (0K), 0 survivors (0K)

[error occurred during error reporting (printing heap information), id 0xc0000005, EXCEPTION_ACCESS_VIOLATION (0xc0000005) at pc=0x00007ffd5ef700b9]

GC Heap History (0 events):
No events

Deoptimization events (0 events):
No events

Classes unloaded (0 events):
No events

Classes redefined (0 events):
No events

Internal exceptions (0 events):
No events

VM Operations (0 events):
No events

Events (1 events):
Event: 0.005 Loaded shared library C:\Program Files\Java\jdk-17\bin\java.dll


Dynamic libraries:
0x00007ff7b2ce0000 - 0x00007ff7b2cf0000 	C:\Program Files\Java\jdk-17\bin\java.exe
0x00007ffdeb3f0000 - 0x00007ffdeb5e8000 	C:\Windows\SYSTEM32\ntdll.dll
0x00007ffde9830000 - 0x00007ffde98f2000 	C:\Windows\System32\KERNEL32.DLL
0x00007ffde9050000 - 0x00007ffde9346000 	C:\Windows\System32\KERNELBASE.dll
0x00007ffde8c90000 - 0x00007ffde8d90000 	C:\Windows\System32\ucrtbase.dll
0x00007ffdc3e20000 - 0x00007ffdc3e39000 	C:\Program Files\Java\jdk-17\bin\jli.dll
0x00007ffdc3a50000 - 0x00007ffdc3a6b000 	C:\Program Files\Java\jdk-17\bin\VCRUNTIME140.dll
0x00007ffde9490000 - 0x00007ffde9541000 	C:\Windows\System32\ADVAPI32.dll
0x00007ffdeac80000 - 0x00007ffdead1e000 	C:\Windows\System32\msvcrt.dll
0x00007ffde9d20000 - 0x00007ffde9dbf000 	C:\Windows\System32\sechost.dll
0x00007ffde9970000 - 0x00007ffde9a90000 	C:\Windows\System32\RPCRT4.dll
0x00007ffde93e0000 - 0x00007ffde9407000 	C:\Windows\System32\bcrypt.dll
0x00007ffdea9f0000 - 0x00007ffdeab91000 	C:\Windows\System32\USER32.dll
0x00007ffde9020000 - 0x00007ffde9042000 	C:\Windows\System32\win32u.dll
0x00007ffddba30000 - 0x00007ffddbccb000 	C:\Windows\WinSxS\amd64_microsoft.windows.common-controls_6595b64144ccf1df_6.0.19041.6456_none_60b8a6cb71f64256\COMCTL32.dll
0x00007ffde9dd0000 - 0x00007ffde9dfb000 	C:\Windows\System32\GDI32.dll
0x00007ffde8e60000 - 0x00007ffde8f79000 	C:\Windows\System32\gdi32full.dll
0x00007ffde8f80000 - 0x00007ffde901d000 	C:\Windows\System32\msvcp_win.dll
0x00007ffddfdb0000 - 0x00007ffddfdba000 	C:\Windows\SYSTEM32\VERSION.dll
0x00007ffdeb2c0000 - 0x00007ffdeb2ef000 	C:\Windows\System32\IMM32.DLL
0x00007ffdd9800000 - 0x00007ffdd980c000 	C:\Program Files\Java\jdk-17\bin\vcruntime140_1.dll
0x00007ffdb7ae0000 - 0x00007ffdb7b6e000 	C:\Program Files\Java\jdk-17\bin\msvcp140.dll
0x00007ffd5e8a0000 - 0x00007ffd5f47d000 	C:\Program Files\Java\jdk-17\bin\server\jvm.dll
0x00007ffde9dc0000 - 0x00007ffde9dc8000 	C:\Windows\System32\PSAPI.DLL
0x00007ffde1fb0000 - 0x00007ffde1fb9000 	C:\Windows\SYSTEM32\WSOCK32.dll
0x00007ffdea980000 - 0x00007ffdea9eb000 	C:\Windows\System32\WS2_32.dll
0x00007ffdd9a20000 - 0x00007ffdd9a47000 	C:\Windows\SYSTEM32\WINMM.dll
0x00007ffde68d0000 - 0x00007ffde68e2000 	C:\Windows\SYSTEM32\kernel.appcore.dll
0x00007ffdd4e70000 - 0x00007ffdd4e7a000 	C:\Program Files\Java\jdk-17\bin\jimage.dll
0x00007ffdd19d0000 - 0x00007ffdd1bd1000 	C:\Windows\SYSTEM32\DBGHELP.DLL
0x00007ffdc6a90000 - 0x00007ffdc6ac4000 	C:\Windows\SYSTEM32\dbgcore.DLL
0x00007ffde9350000 - 0x00007ffde93d2000 	C:\Windows\System32\bcryptPrimitives.dll
0x00007ffdc1bb0000 - 0x00007ffdc1bd5000 	C:\Program Files\Java\jdk-17\bin\java.dll

dbghelp: loaded successfully - version: 4.0.5 - missing functions: none
symbol engine: initialized successfully - sym options: 0x614 - pdb path: .;C:\Program Files\Java\jdk-17\bin;C:\Windows\SYSTEM32;C:\Windows\WinSxS\amd64_microsoft.windows.common-controls_6595b64144ccf1df_6.0.19041.6456_none_60b8a6cb71f64256;C:\Program Files\Java\jdk-17\bin\server

VM Arguments:
jvm_args: -XX:+ShowCodeDetailsInExceptionMessages -Dfile.encoding=UTF-8 
java_command: br.com.gubee.interview.core.Application
java_class_path (initial): C:\Users\yanvi\OneDrive\Área de Trabalho\Tudo de programacao\gubee_estudos\gubee_estudos\interview-junior\core\target\classes;C:\Users\yanvi\.m2\repository\org\springframework\boot\spring-boot-starter-web\2.6.7\spring-boot-starter-web-2.6.7.jar;C:\Users\yanvi\.m2\repository\org\springframework\boot\spring-boot-starter\2.6.7\spring-boot-starter-2.6.7.jar;C:\Users\yanvi\.m2\repository\org\springframework\boot\spring-boot\2.6.7\spring-boot-2.6.7.jar;C:\Users\yanvi\.m2\repository\org\springframework\boot\spring-boot-autoconfigure\2.6.7\spring-boot-autoconfigure-2.6.7.jar;C:\Users\yanvi\.m2\repository\jakarta\annotation\jakarta.annotation-api\1.3.5\jakarta.annotation-api-1.3.5.jar;C:\Users\yanvi\.m2\repository\org\yaml\snakeyaml\1.29\snakeyaml-1.29.jar;C:\Users\yanvi\.m2\repository\org\springframework\boot\spring-boot-starter-json\2.6.7\spring-boot-starter-json-2.6.7.jar;C:\Users\yanvi\.m2\repository\com\fasterxml\jackson\datatype\jackson-datatype-jdk8\2.13.2\jackson-datatype-jdk8-2.13.2.jar;C:\Users\yanvi\.m2\repository\com\fasterxml\jackson\datatype\jackson-datatype-jsr310\2.13.2\jackson-datatype-jsr310-2.13.2.jar;C:\Users\yanvi\.m2\repository\com\fasterxml\jackson\module\jackson-module-parameter-names\2.13.2\jackson-module-parameter-names-2.13.2.jar;C:\Users\yanvi\.m2\repository\org\springframework\boot\spring-boot-starter-tomcat\2.6.7\spring-boot-starter-tomcat-2.6.7.jar;C:\Users\yanvi\.m2\repository\org\apache\tomcat\embed\tomcat-embed-core\9.0.62\tomcat-embed-core-9.0.62.jar;C:\Users\yanvi\.m2\repository\org\apache\tomcat\embed\tomcat-embed-el\9.0.62\tomcat-embed-el-9.0.62.jar;C:\Users\yanvi\.m2\repository\org\apache\tomcat\embed\tomcat-embed-websocket\9.0.62\tomcat-embed-websocket-9.0.62.jar;C:\Users\yanvi\.m2\repository\org\springframework\spring-web\5.3.19\spring-web-5.3.19.jar;C:\Users\yanvi\.m2\repository\org\springframework\spring-beans\5.3.19\spring-beans-5.3.19.jar;C:\Users\yanvi\.m2\repository\org\springframework\spring-webmvc\
Launcher Type: SUN_STANDARD

[Global flags]
     intx CICompilerCount                          = 4                                         {product} {ergonomic}
     uint ConcGCThreads                            = 3                                         {product} {ergonomic}
     uint G1ConcRefinementThreads                  = 10                                        {product} {ergonomic}
   size_t G1HeapRegionSize                         = 2097152                                   {product} {ergonomic}
    uintx GCDrainStackTargetSize                   = 64                                        {product} {ergonomic}
   size_t InitialHeapSize                          = 266338304                                 {product} {ergonomic}
   size_t MarkStackSize                            = 4194304                                   {product} {ergonomic}
   size_t MaxHeapSize                              = 4242538496                                {product} {ergonomic}
   size_t MinHeapDeltaBytes                        = 2097152                                   {product} {ergonomic}
   size_t MinHeapSize                              = 8388608                                   {product} {ergonomic}
    uintx NonNMethodCodeHeapSize                   = 5839372                                {pd product} {ergonomic}
    uintx NonProfiledCodeHeapSize                  = 122909434                              {pd product} {ergonomic}
    uintx ProfiledCodeHeapSize                     = 122909434                              {pd product} {ergonomic}
    uintx ReservedCodeCacheSize                    = 251658240                              {pd product} {ergonomic}
     bool SegmentedCodeCache                       = true                                      {product} {ergonomic}
     bool ShowCodeDetailsInExceptionMessages       = true                                   {manageable} {command line}
   size_t SoftMaxHeapSize                          = 4242538496                             {manageable} {ergonomic}
     bool UseCompressedClassPointers               = true                           {product lp64_product} {ergonomic}
     bool UseCompressedOops                        = true                           {product lp64_product} {ergonomic}
     bool UseG1GC                                  = true                                      {product} {ergonomic}
     bool UseLargePagesIndividualAllocation        = false                                  {pd product} {ergonomic}

Logging:
Log output configuration:
 #0: stdout all=warning uptime,level,tags
 #1: stderr all=off uptime,level,tags

Environment Variables:
JAVA_HOME=C:\Program Files\Java\jdk-17
PATH=C:\Program Files\Eclipse Adoptium\jdk-21.0.8.9-hotspot\bin;C:\Python312\Scripts\;C:\Python312\;C:\Program Files\Common Files\Oracle\Java\javapath;C:\Program Files (x86)\Common Files\Oracle\Java\javapath;C:\Windows\system32;C:\Windows;C:\Windows\System32\Wbem;C:\Windows\System32\WindowsPowerShell\v1.0\;C:\Windows\System32\OpenSSH\;C:\Program Files (x86)\NVIDIA Corporation\PhysX\Common;C:\Program Files\Microsoft SQL Server\150\Tools\Binn\;C:\Program Files\Microsoft SQL Server\Client SDK\ODBC\170\Tools\Binn\;C:\Program Files\dotnet\;C:\Program Files\Cloudflare\Cloudflare WARP\;C:\ProgramData\chocolatey\bin;C:\Users\yanvi\AppData\Roaming\nvm;C:\Program Files\nodejs;C:\Program Files\Git\cmd;C:\Program Files\NVIDIA Corporation\NVIDIA app\NvDLISR;C:\Program Files (x86)\Microsoft SQL Server\170\Tools\Binn\;C:\Program Files\Microsoft SQL Server\170\Tools\Binn\;C:\Program Files\Microsoft SQL Server\Client SDK\ODBC\180\Tools\Binn\;C:\Program Files\Microsoft SQL Server\170\DTS\Binn\;C:\Program Files (x86)\Microsoft SQL Server\160\Tools\Binn\;C:\Program Files\Microsoft SQL Server\160\Tools\Binn\;C:\Program Files\Microsoft SQL Server\160\DTS\Binn\;C:\Program Files\PuTTY\;C:\Program Files\Docker\Docker\resources\bin;C:\Users\yanvi\AppData\Local\Microsoft\WindowsApps;C:\Users\yanvi\.dotnet\tools;C:\Users\yanvi\AppData\Local\Programs\Microsoft VS Code\bin;C:\Users\yanvi\AppData\Roaming\npm;C:\Users\yanvi\AppData\Roaming\nvm;C:\Program Files\nodejs;C:\Users\yanvi\AppData\Local\GitHubDesktop\bin;C:\apache-maven-3.9.11-bin\apache-maven-3.9.11\bin;
USERNAME=yanvi
OS=Windows_NT
PROCESSOR_IDENTIFIER=AMD64 Family 25 Model 80 Stepping 0, AuthenticAMD



---------------  S Y S T E M  ---------------

OS:
 Windows 10 , 64 bit Build 19041 (10.0.19041.5915)
OS uptime: 4 days 19:47 hours
Hyper-V role detected

CPU: total 12 (initial active 12) (12 cores per cpu, 2 threads per core) family 25 model 80 stepping 0 microcode 0x0, cx8, cmov, fxsr, ht, mmx, 3dnowpref, sse, sse2, sse3, ssse3, sse4a, sse4.1, sse4.2, popcnt, lzcnt, tsc, tscinvbit, avx, avx2, aes, erms, clmul, bmi1, bmi2, adx, sha, fma, vzeroupper, clflush, clflushopt, hv

Memory: 4k page, system-wide physical 16180M (618M free)
TotalPageFile size 65332M (AvailPageFile size 222M)
current process WorkingSet (physical memory assigned to process): 10M, peak: 10M
current process commit charge ("private bytes"): 64M, peak: 318M

vm_info: Java HotSpot(TM) 64-Bit Server VM (17.0.7+8-LTS-224) for windows-amd64 JRE (17.0.7+8-LTS-224), built on Feb 28 2023 23:03:02 by "mach5one" with MS VC++ 17.1 (VS2022)

END.
