#
# There is insufficient memory for the Java Runtime Environment to continue.
# Native memory allocation (malloc) failed to allocate 1482288 bytes. Error detail: Chunk::new
# Possible reasons:
#   The system is out of physical RAM or swap space
#   This process is running with CompressedOops enabled, and the Java Heap may be blocking the growth of the native heap
# Possible solutions:
#   Reduce memory load on the system
#   Increase physical memory or swap space
#   Check if swap backing store is full
#   Decrease Java heap size (-Xmx/-Xms)
#   Decrease number of Java threads
#   Decrease Java thread stack sizes (-Xss)
#   Set larger code cache with -XX:ReservedCodeCacheSize=
#   JVM is running with Unscaled Compressed Oops mode in which the Java heap is
#     placed in the first 4GB address space. The Java Heap base address is the
#     maximum limit for the native heap growth. Please use -XX:HeapBaseMinAddress
#     to set the Java Heap base and to place the Java Heap above 4GB virtual address.
# This output file may be truncated or incomplete.
#
#  Out of Memory Error (arena.cpp:168), pid=140748, tid=141824
#
# JRE version: OpenJDK Runtime Environment Temurin-21.0.8+9 (21.0.8+9) (build 21.0.8+9-LTS)
# Java VM: OpenJDK 64-Bit Server VM Temurin-21.0.8+9 (21.0.8+9-LTS, mixed mode, sharing, tiered, compressed oops, compressed class ptrs, parallel gc, windows-amd64)
# No core dump will be written. Minidumps are not enabled by default on client versions of Windows
#

---------------  S U M M A R Y ------------

Command Line: --add-modules=ALL-SYSTEM --add-opens=java.base/java.util=ALL-UNNAMED --add-opens=java.base/java.lang=ALL-UNNAMED --add-opens=java.base/sun.nio.fs=ALL-UNNAMED -Declipse.application=org.eclipse.jdt.ls.core.id1 -Dosgi.bundles.defaultStartLevel=4 -Declipse.product=org.eclipse.jdt.ls.core.product -Djava.import.generatesMetadataFilesAtProjectRoot=false -DDetectVMInstallationsJob.disabled=true -Dfile.encoding=utf8 -XX:+UseParallelGC -XX:GCTimeRatio=4 -XX:AdaptiveSizePolicyWeight=90 -Dsun.zip.disableMemoryMapping=true -Xmx2G -Xms100m -Xlog:disable -javaagent:c:\Users\yanvi\.vscode\extensions\redhat.java-1.46.0-win32-x64\lombok\lombok-1.18.39-4050.jar -XX:+HeapDumpOnOutOfMemoryError -XX:HeapDumpPath=c:\Users\yanvi\AppData\Roaming\Code\User\workspaceStorage\178f25414ecfffcc8c0f35baec765c62\redhat.java -Daether.dependencyCollector.impl=bf c:\Users\yanvi\.vscode\extensions\redhat.java-1.46.0-win32-x64\server\plugins\org.eclipse.equinox.launcher_1.7.0.v20250519-0528.jar -configuration c:\Users\yanvi\AppData\Roaming\Code\User\globalStorage\redhat.java\1.46.0\config_win -data c:\Users\yanvi\AppData\Roaming\Code\User\workspaceStorage\178f25414ecfffcc8c0f35baec765c62\redhat.java\jdt_ws --pipe=\\.\pipe\lsp-c5ec5b17319bf31449cce618ca43a533-sock

Host: AMD Ryzen 5 5600G with Radeon Graphics         , 12 cores, 15G,  Windows 10 , 64 bit Build 19041 (10.0.19041.5915)
Time: Thu Oct 23 09:06:26 2025 Hora oficial do Brasil elapsed time: 9.262395 seconds (0d 0h 0m 9s)

---------------  T H R E A D  ---------------

Current thread (0x000001bd7655ccf0):  JavaThread "C2 CompilerThread0" daemon [_thread_in_native, id=141824, stack(0x000000593b500000,0x000000593b600000) (1024K)]


Current CompileTask:
C2:9262 8006       4       java.lang.invoke.MethodType::makeImpl (109 bytes)

Stack: [0x000000593b500000,0x000000593b600000]
Native frames: (J=compiled Java code, j=interpreted, Vv=VM code, C=native code)
V  [jvm.dll+0x6d2449]
V  [jvm.dll+0x8ae341]
V  [jvm.dll+0x8b08be]
V  [jvm.dll+0x8b0fa3]
V  [jvm.dll+0x280c96]
V  [jvm.dll+0xc581d]
V  [jvm.dll+0xc5d53]
V  [jvm.dll+0x3b919c]
V  [jvm.dll+0x1e1409]
V  [jvm.dll+0x249022]
V  [jvm.dll+0x2484af]
V  [jvm.dll+0x1c89ee]
V  [jvm.dll+0x257d4d]
V  [jvm.dll+0x2562ea]
V  [jvm.dll+0x3f2d16]
V  [jvm.dll+0x857e6b]
V  [jvm.dll+0x6d0b0d]
C  [ucrtbase.dll+0x21bb2]
C  [KERNEL32.DLL+0x17374]
C  [ntdll.dll+0x4cc91]


---------------  P R O C E S S  ---------------

Threads class SMR info:
_java_thread_list=0x000001bd7c261b30, length=53, elements={
0x000001bd1cb55f30, 0x000001bd335f8060, 0x000001bd335f96a0, 0x000001bd335fccf0,
0x000001bd335fe3d0, 0x000001bd7655a790, 0x000001bd765676b0, 0x000001bd7655ccf0,
0x000001bd7655d8f0, 0x000001bd76656d20, 0x000001bd768b88f0, 0x000001bd7b8168c0,
0x000001bd7b4ea240, 0x000001bd7b851440, 0x000001bd7b851aa0, 0x000001bd7bc4c790,
0x000001bd7bfcf950, 0x000001bd7bee1030, 0x000001bd7bee2a70, 0x000001bd7bee0310,
0x000001bd7bee1d50, 0x000001bd7bee3100, 0x000001bd7bee23e0, 0x000001bd7bee09a0,
0x000001bd7e26d150, 0x000001bd7e269640, 0x000001bd7e26a9f0, 0x000001bd7e268920,
0x000001bd7e26d7e0, 0x000001bd7e26b710, 0x000001bd7e266ee0, 0x000001bd7e267570,
0x000001bd7e26a360, 0x000001bd7e267c00, 0x000001bd7e26b080, 0x000001bd7e266850,
0x000001bd7e268290, 0x000001bd7e26c430, 0x000001bd7e268fb0, 0x000001bd7e26de70,
0x000001bd7e269cd0, 0x000001bd7e26bda0, 0x000001bd7e26cac0, 0x000001bd7ced18a0,
0x000001bd7ced1f30, 0x000001bd7ced25c0, 0x000001bd7cecd700, 0x000001bd7cecd070,
0x000001bd7ced0b80, 0x000001bd7cecf7d0, 0x000001bd7ced1210, 0x000001bd7ceceab0,
0x000001bd7d5d5d30
}

Java Threads: ( => current thread )
  0x000001bd1cb55f30 JavaThread "main"                              [_thread_blocked, id=139096, stack(0x000000593ab00000,0x000000593ac00000) (1024K)]
  0x000001bd335f8060 JavaThread "Reference Handler"          daemon [_thread_blocked, id=131328, stack(0x000000593af00000,0x000000593b000000) (1024K)]
  0x000001bd335f96a0 JavaThread "Finalizer"                  daemon [_thread_blocked, id=127592, stack(0x000000593b000000,0x000000593b100000) (1024K)]
  0x000001bd335fccf0 JavaThread "Signal Dispatcher"          daemon [_thread_blocked, id=144192, stack(0x000000593b100000,0x000000593b200000) (1024K)]
  0x000001bd335fe3d0 JavaThread "Attach Listener"            daemon [_thread_blocked, id=109204, stack(0x000000593b200000,0x000000593b300000) (1024K)]
  0x000001bd7655a790 JavaThread "Service Thread"             daemon [_thread_blocked, id=121172, stack(0x000000593b300000,0x000000593b400000) (1024K)]
  0x000001bd765676b0 JavaThread "Monitor Deflation Thread"   daemon [_thread_blocked, id=69868, stack(0x000000593b400000,0x000000593b500000) (1024K)]
=>0x000001bd7655ccf0 JavaThread "C2 CompilerThread0"         daemon [_thread_in_native, id=141824, stack(0x000000593b500000,0x000000593b600000) (1024K)]
  0x000001bd7655d8f0 JavaThread "C1 CompilerThread0"         daemon [_thread_in_native, id=143140, stack(0x000000593b600000,0x000000593b700000) (1024K)]
  0x000001bd76656d20 JavaThread "Common-Cleaner"             daemon [_thread_blocked, id=142088, stack(0x000000593b700000,0x000000593b800000) (1024K)]
  0x000001bd768b88f0 JavaThread "Notification Thread"        daemon [_thread_blocked, id=143600, stack(0x000000593b900000,0x000000593ba00000) (1024K)]
  0x000001bd7b8168c0 JavaThread "Active Thread: Equinox Container: 94210c02-4df7-47fb-8023-9aead49202ae"        [_thread_blocked, id=141888, stack(0x000000593c100000,0x000000593c200000) (1024K)]
  0x000001bd7b4ea240 JavaThread "Refresh Thread: Equinox Container: 94210c02-4df7-47fb-8023-9aead49202ae" daemon [_thread_blocked, id=142304, stack(0x000000593c200000,0x000000593c300000) (1024K)]
  0x000001bd7b851440 JavaThread "Framework Event Dispatcher: Equinox Container: 94210c02-4df7-47fb-8023-9aead49202ae" daemon [_thread_blocked, id=121388, stack(0x000000593c400000,0x000000593c500000) (1024K)]
  0x000001bd7b851aa0 JavaThread "Start Level: Equinox Container: 94210c02-4df7-47fb-8023-9aead49202ae" daemon [_thread_blocked, id=143284, stack(0x000000593c500000,0x000000593c600000) (1024K)]
  0x000001bd7bc4c790 JavaThread "Bundle File Closer"         daemon [_thread_blocked, id=97564, stack(0x000000593c800000,0x000000593c900000) (1024K)]
  0x000001bd7bfcf950 JavaThread "SCR Component Actor"        daemon [_thread_blocked, id=78600, stack(0x000000593c900000,0x000000593ca00000) (1024K)]
  0x000001bd7bee1030 JavaThread "Worker-JM"                         [_thread_blocked, id=139800, stack(0x000000593ca00000,0x000000593cb00000) (1024K)]
  0x000001bd7bee2a70 JavaThread "JNA Cleaner"                daemon [_thread_blocked, id=142600, stack(0x000000593cb00000,0x000000593cc00000) (1024K)]
  0x000001bd7bee0310 JavaThread "Worker-0"                          [_thread_blocked, id=142612, stack(0x000000593cc00000,0x000000593cd00000) (1024K)]
  0x000001bd7bee1d50 JavaThread "Worker-1: Initialize Workspace"        [_thread_blocked, id=135568, stack(0x000000593cd00000,0x000000593ce00000) (1024K)]
  0x000001bd7bee3100 JavaThread "Java indexing"              daemon [_thread_blocked, id=106868, stack(0x000000593ba00000,0x000000593bb00000) (1024K)]
  0x000001bd7bee23e0 JavaThread "Worker-2: Publish Diagnostics"        [_thread_in_Java, id=139676, stack(0x000000593d100000,0x000000593d200000) (1024K)]
  0x000001bd7bee09a0 JavaThread "Worker-3"                          [_thread_blocked, id=118960, stack(0x000000593d200000,0x000000593d300000) (1024K)]
  0x000001bd7e26d150 JavaThread "Thread-1"                   daemon [_thread_in_native, id=143012, stack(0x000000593d300000,0x000000593d400000) (1024K)]
  0x000001bd7e269640 JavaThread "Thread-2"                   daemon [_thread_in_native, id=138828, stack(0x000000593d400000,0x000000593d500000) (1024K)]
  0x000001bd7e26a9f0 JavaThread "Thread-3"                   daemon [_thread_in_native, id=126132, stack(0x000000593d500000,0x000000593d600000) (1024K)]
  0x000001bd7e268920 JavaThread "Thread-4"                   daemon [_thread_in_native, id=142792, stack(0x000000593d600000,0x000000593d700000) (1024K)]
  0x000001bd7e26d7e0 JavaThread "Thread-5"                   daemon [_thread_in_native, id=138656, stack(0x000000593d700000,0x000000593d800000) (1024K)]
  0x000001bd7e26b710 JavaThread "Thread-6"                   daemon [_thread_in_native, id=139640, stack(0x000000593d800000,0x000000593d900000) (1024K)]
  0x000001bd7e266ee0 JavaThread "Thread-7"                   daemon [_thread_in_native, id=41504, stack(0x000000593d900000,0x000000593da00000) (1024K)]
  0x000001bd7e267570 JavaThread "Thread-8"                   daemon [_thread_in_native, id=142700, stack(0x000000593da00000,0x000000593db00000) (1024K)]
  0x000001bd7e26a360 JavaThread "Thread-9"                   daemon [_thread_in_native, id=138056, stack(0x000000593db00000,0x000000593dc00000) (1024K)]
  0x000001bd7e267c00 JavaThread "Thread-10"                  daemon [_thread_in_native, id=126056, stack(0x000000593dc00000,0x000000593dd00000) (1024K)]
  0x000001bd7e26b080 JavaThread "Thread-11"                  daemon [_thread_in_native, id=140300, stack(0x000000593dd00000,0x000000593de00000) (1024K)]
  0x000001bd7e266850 JavaThread "Thread-12"                  daemon [_thread_in_native, id=142760, stack(0x000000593de00000,0x000000593df00000) (1024K)]
  0x000001bd7e268290 JavaThread "Thread-13"                  daemon [_thread_in_native, id=143168, stack(0x000000593df00000,0x000000593e000000) (1024K)]
  0x000001bd7e26c430 JavaThread "Worker-4"                          [_thread_blocked, id=94852, stack(0x000000593e000000,0x000000593e100000) (1024K)]
  0x000001bd7e268fb0 JavaThread "pool-2-thread-1"                   [_thread_blocked, id=102496, stack(0x000000593e100000,0x000000593e200000) (1024K)]
  0x000001bd7e26de70 JavaThread "WorkspaceEventsHandler"            [_thread_blocked, id=139608, stack(0x000000593e200000,0x000000593e300000) (1024K)]
  0x000001bd7e269cd0 JavaThread "pool-1-thread-1"                   [_thread_blocked, id=142500, stack(0x000000593e300000,0x000000593e400000) (1024K)]
  0x000001bd7e26bda0 JavaThread "ForkJoinPool.commonPool-worker-1" daemon [_thread_blocked, id=139316, stack(0x000000593e400000,0x000000593e500000) (1024K)]
  0x000001bd7e26cac0 JavaThread "ForkJoinPool.commonPool-worker-2" daemon [_thread_blocked, id=143456, stack(0x000000593e500000,0x000000593e600000) (1024K)]
  0x000001bd7ced18a0 JavaThread "ForkJoinPool.commonPool-worker-3" daemon [_thread_blocked, id=130372, stack(0x000000593e600000,0x000000593e700000) (1024K)]
  0x000001bd7ced1f30 JavaThread "ForkJoinPool.commonPool-worker-4" daemon [_thread_blocked, id=142432, stack(0x000000593e700000,0x000000593e800000) (1024K)]
  0x000001bd7ced25c0 JavaThread "ForkJoinPool.commonPool-worker-5" daemon [_thread_blocked, id=141428, stack(0x000000593e800000,0x000000593e900000) (1024K)]
  0x000001bd7cecd700 JavaThread "ForkJoinPool.commonPool-worker-6" daemon [_thread_blocked, id=114316, stack(0x000000593e900000,0x000000593ea00000) (1024K)]
  0x000001bd7cecd070 JavaThread "ForkJoinPool.commonPool-worker-7" daemon [_thread_blocked, id=137020, stack(0x000000593ea00000,0x000000593eb00000) (1024K)]
  0x000001bd7ced0b80 JavaThread "ForkJoinPool.commonPool-worker-8" daemon [_thread_in_Java, id=143276, stack(0x000000593eb00000,0x000000593ec00000) (1024K)]
  0x000001bd7cecf7d0 JavaThread "ForkJoinPool.commonPool-worker-9" daemon [_thread_blocked, id=136512, stack(0x000000593ec00000,0x000000593ed00000) (1024K)]
  0x000001bd7ced1210 JavaThread "ForkJoinPool.commonPool-worker-10" daemon [_thread_blocked, id=86768, stack(0x000000593ed00000,0x000000593ee00000) (1024K)]
  0x000001bd7ceceab0 JavaThread "ForkJoinPool.commonPool-worker-11" daemon [_thread_blocked, id=142576, stack(0x000000593ee00000,0x000000593ef00000) (1024K)]
  0x000001bd7d5d5d30 JavaThread "C2 CompilerThread1"         daemon [_thread_in_native, id=103836, stack(0x000000593b800000,0x000000593b900000) (1024K)]
Total: 53

Other Threads:
  0x000001bd1cc14940 VMThread "VM Thread"                           [id=137144, stack(0x000000593ae00000,0x000000593af00000) (1024K)]
  0x000001bd1cbc0200 WatcherThread "VM Periodic Task Thread"        [id=140636, stack(0x000000593ad00000,0x000000593ae00000) (1024K)]
  0x000001bd1cb72c00 WorkerThread "GC Thread#0"                     [id=125648, stack(0x000000593ac00000,0x000000593ad00000) (1024K)]
  0x000001bd7b89e070 WorkerThread "GC Thread#1"                     [id=143152, stack(0x000000593bb00000,0x000000593bc00000) (1024K)]
  0x000001bd7b59ea90 WorkerThread "GC Thread#2"                     [id=143632, stack(0x000000593bc00000,0x000000593bd00000) (1024K)]
  0x000001bd7b59ee30 WorkerThread "GC Thread#3"                     [id=142104, stack(0x000000593bd00000,0x000000593be00000) (1024K)]
  0x000001bd7b59f1d0 WorkerThread "GC Thread#4"                     [id=133864, stack(0x000000593be00000,0x000000593bf00000) (1024K)]
  0x000001bd7b59f970 WorkerThread "GC Thread#5"                     [id=94308, stack(0x000000593bf00000,0x000000593c000000) (1024K)]
  0x000001bd7b5a0930 WorkerThread "GC Thread#6"                     [id=143308, stack(0x000000593c000000,0x000000593c100000) (1024K)]
  0x000001bd7b4eaf80 WorkerThread "GC Thread#7"                     [id=138552, stack(0x000000593c300000,0x000000593c400000) (1024K)]
  0x000001bd7be0fb40 WorkerThread "GC Thread#8"                     [id=100180, stack(0x000000593c600000,0x000000593c700000) (1024K)]
  0x000001bd7be4fa30 WorkerThread "GC Thread#9"                     [id=138008, stack(0x000000593c700000,0x000000593c800000) (1024K)]
Total: 12

Threads with active compile tasks:
C2 CompilerThread0  9365 8006       4       java.lang.invoke.MethodType::makeImpl (109 bytes)
C2 CompilerThread1  9365 8171       4       lombok.patcher.Hook::convertType (64 bytes)
Total: 2

VM state: not at safepoint (normal execution)

VM Mutex/Monitor currently owned by a thread: None

Heap address: 0x0000000080000000, size: 2048 MB, Compressed Oops mode: 32-bit

CDS archive(s) mapped at: [0x000001bd34000000-0x000001bd34ba0000-0x000001bd34ba0000), size 12189696, SharedBaseAddress: 0x000001bd34000000, ArchiveRelocationMode: 1.
Compressed class space mapped at: 0x000001bd35000000-0x000001bd75000000, reserved size: 1073741824
Narrow klass base: 0x000001bd34000000, Narrow klass shift: 0, Narrow klass range: 0x100000000

GC Precious Log:
 CardTable entry size: 512
 CPUs: 12 total, 12 available
 Memory: 16180M
 Large Page Support: Disabled
 NUMA Support: Disabled
 Compressed Oops: Enabled (32-bit)
 Alignments: Space 512K, Generation 512K, Heap 2M
 Heap Min Capacity: 100M
 Heap Initial Capacity: 100M
 Heap Max Capacity: 2G
 Pre-touch: Disabled
 Parallel Workers: 10

Heap:
 PSYoungGen      total 20992K, used 20273K [0x00000000d5580000, 0x00000000d6c00000, 0x0000000100000000)
  eden space 20480K, 98% used [0x00000000d5580000,0x00000000d694c618,0x00000000d6980000)
  from space 512K, 0% used [0x00000000d6980000,0x00000000d6980000,0x00000000d6a00000)
  to   space 1024K, 0% used [0x00000000d6b00000,0x00000000d6b00000,0x00000000d6c00000)
 ParOldGen       total 68608K, used 51210K [0x0000000080000000, 0x0000000084300000, 0x00000000d5580000)
  object space 68608K, 74% used [0x0000000080000000,0x0000000083202a38,0x0000000084300000)
 Metaspace       used 58968K, committed 60416K, reserved 1114112K
  class space    used 6352K, committed 6976K, reserved 1048576K

Card table byte_map: [0x000001bd1c500000,0x000001bd1c910000] _byte_map_base: 0x000001bd1c100000

Marking Bits: (ParMarkBitMap*) 0x00007ffd6677a340
 Begin Bits: [0x000001bd2f000000, 0x000001bd31000000)
 End Bits:   [0x000001bd31000000, 0x000001bd33000000)

Polling page: 0x000001bd1ab40000

Metaspace:

Usage:
  Non-class:     51.38 MB used.
      Class:      6.20 MB used.
       Both:     57.59 MB used.

Virtual space:
  Non-class space:       64.00 MB reserved,      52.19 MB ( 82%) committed,  1 nodes.
      Class space:        1.00 GB reserved,       6.81 MB ( <1%) committed,  1 nodes.
             Both:        1.06 GB reserved,      59.00 MB (  5%) committed. 

Chunk freelists:
   Non-Class:  11.50 MB
       Class:  9.06 MB
        Both:  20.56 MB

MaxMetaspaceSize: unlimited
CompressedClassSpaceSize: 1.00 GB
Initial GC threshold: 21.00 MB
Current GC threshold: 97.31 MB
CDS: on
 - commit_granule_bytes: 65536.
 - commit_granule_words: 8192.
 - virtual_space_node_default_size: 8388608.
 - enlarge_chunks_in_place: 1.
 - use_allocation_guard: 0.


Internal statistics:

num_allocs_failed_limit: 9.
num_arena_births: 1148.
num_arena_deaths: 20.
num_vsnodes_births: 2.
num_vsnodes_deaths: 0.
num_space_committed: 944.
num_space_uncommitted: 0.
num_chunks_returned_to_freelist: 31.
num_chunks_taken_from_freelist: 3855.
num_chunk_merges: 12.
num_chunk_splits: 2400.
num_chunks_enlarged: 1411.
num_inconsistent_stats: 0.

CodeHeap 'non-profiled nmethods': size=120000Kb used=4811Kb max_used=4854Kb free=115188Kb
 bounds [0x000001bd27820000, 0x000001bd27ce0000, 0x000001bd2ed50000]
CodeHeap 'profiled nmethods': size=120000Kb used=16231Kb max_used=16555Kb free=103768Kb
 bounds [0x000001bd1fd50000, 0x000001bd20d80000, 0x000001bd27280000]
CodeHeap 'non-nmethods': size=5760Kb used=1422Kb max_used=1470Kb free=4337Kb
 bounds [0x000001bd27280000, 0x000001bd274f0000, 0x000001bd27820000]
CodeCache: size=245760Kb, used=22464Kb, max_used=22879Kb, free=223293Kb
 total_blobs=8313, nmethods=7581, adapters=638, full_count=0
Compilation: enabled, stopped_count=0, restarted_count=0

Compilation events (20 events):
Event: 9.242 Thread 0x000001bd7655d8f0 nmethod 8194 0x000001bd279e9d10 code [0x000001bd279e9ea0, 0x000001bd279e9f68]
Event: 9.242 Thread 0x000001bd7655d8f0 8197       3       org.eclipse.jdt.internal.compiler.lookup.PackageBinding::problemId (17 bytes)
Event: 9.242 Thread 0x000001bd7655d8f0 nmethod 8197 0x000001bd2022b890 code [0x000001bd2022ba40, 0x000001bd2022bbc0]
Event: 9.242 Thread 0x000001bd7655d8f0 8196       3       org.eclipse.jdt.internal.compiler.lookup.ReferenceBinding::isInterface (15 bytes)
Event: 9.242 Thread 0x000001bd7655d8f0 nmethod 8196 0x000001bd20365590 code [0x000001bd20365740, 0x000001bd203658b8]
Event: 9.244 Thread 0x000001bd7655d8f0 8199       3       org.eclipse.core.internal.resources.Resource::getLocation (30 bytes)
Event: 9.245 Thread 0x000001bd7655d8f0 nmethod 8199 0x000001bd1fe10190 code [0x000001bd1fe103e0, 0x000001bd1fe10e98]
Event: 9.245 Thread 0x000001bd7655d8f0 8202       3       sun.nio.ch.Util::isBufferTooLarge (15 bytes)
Event: 9.246 Thread 0x000001bd7655d8f0 nmethod 8202 0x000001bd1fe73290 code [0x000001bd1fe73420, 0x000001bd1fe73570]
Event: 9.246 Thread 0x000001bd7655d8f0 8200       3       org.eclipse.core.internal.localstore.FileSystemResourceManager::locationFor (17 bytes)
Event: 9.246 Thread 0x000001bd7655d8f0 nmethod 8200 0x000001bd202f8190 code [0x000001bd202f8360, 0x000001bd202f85e8]
Event: 9.246 Thread 0x000001bd7655d8f0 8201       1       com.google.gson.FormattingStyle::getIndent (5 bytes)
Event: 9.246 Thread 0x000001bd7655d8f0 nmethod 8201 0x000001bd279e9a10 code [0x000001bd279e9ba0, 0x000001bd279e9c68]
Event: 9.246 Thread 0x000001bd7655d8f0 8203       3       org.eclipse.jdt.internal.core.util.CommentRecorderParser::getCommentPtr (89 bytes)
Event: 9.246 Thread 0x000001bd7655d8f0 nmethod 8203 0x000001bd20466f10 code [0x000001bd204670e0, 0x000001bd20467440]
Event: 9.246 Thread 0x000001bd7655d8f0 8204       1       org.eclipse.jdt.internal.compiler.ast.TypeReference::getAnnotatableLevels (2 bytes)
Event: 9.246 Thread 0x000001bd7655d8f0 nmethod 8204 0x000001bd27a13590 code [0x000001bd27a13720, 0x000001bd27a137e8]
Event: 9.247 Thread 0x000001bd7655d8f0 8205       3       org.eclipse.jdt.internal.compiler.impl.IrritantSet::set (23 bytes)
Event: 9.247 Thread 0x000001bd7655d8f0 nmethod 8205 0x000001bd2053b110 code [0x000001bd2053b2c0, 0x000001bd2053b418]
Event: 9.247 Thread 0x000001bd7655d8f0 8206       3       org.eclipse.jdt.internal.compiler.parser.Parser::pushOnAstStack (111 bytes)

GC Heap History (20 events):
Event: 8.243 GC heap before
{Heap before GC invocations=39 (full 2):
 PSYoungGen      total 23040K, used 22656K [0x00000000d5580000, 0x00000000d6d00000, 0x0000000100000000)
  eden space 22016K, 100% used [0x00000000d5580000,0x00000000d6b00000,0x00000000d6b00000)
  from space 1024K, 62% used [0x00000000d6c00000,0x00000000d6ca0000,0x00000000d6d00000)
  to   space 1024K, 0% used [0x00000000d6b00000,0x00000000d6b00000,0x00000000d6c00000)
 ParOldGen       total 68608K, used 54225K [0x0000000080000000, 0x0000000084300000, 0x00000000d5580000)
  object space 68608K, 79% used [0x0000000080000000,0x00000000834f47b0,0x0000000084300000)
 Metaspace       used 56684K, committed 58112K, reserved 1114112K
  class space    used 6132K, committed 6720K, reserved 1048576K
}
Event: 8.245 GC heap after
{Heap after GC invocations=39 (full 2):
 PSYoungGen      total 23040K, used 608K [0x00000000d5580000, 0x00000000d6d00000, 0x0000000100000000)
  eden space 22016K, 0% used [0x00000000d5580000,0x00000000d5580000,0x00000000d6b00000)
  from space 1024K, 59% used [0x00000000d6b00000,0x00000000d6b98000,0x00000000d6c00000)
  to   space 1024K, 0% used [0x00000000d6c00000,0x00000000d6c00000,0x00000000d6d00000)
 ParOldGen       total 68608K, used 54777K [0x0000000080000000, 0x0000000084300000, 0x00000000d5580000)
  object space 68608K, 79% used [0x0000000080000000,0x000000008357e7b0,0x0000000084300000)
 Metaspace       used 56684K, committed 58112K, reserved 1114112K
  class space    used 6132K, committed 6720K, reserved 1048576K
}
Event: 8.281 GC heap before
{Heap before GC invocations=40 (full 2):
 PSYoungGen      total 23040K, used 22624K [0x00000000d5580000, 0x00000000d6d00000, 0x0000000100000000)
  eden space 22016K, 100% used [0x00000000d5580000,0x00000000d6b00000,0x00000000d6b00000)
  from space 1024K, 59% used [0x00000000d6b00000,0x00000000d6b98000,0x00000000d6c00000)
  to   space 1024K, 0% used [0x00000000d6c00000,0x00000000d6c00000,0x00000000d6d00000)
 ParOldGen       total 68608K, used 54777K [0x0000000080000000, 0x0000000084300000, 0x00000000d5580000)
  object space 68608K, 79% used [0x0000000080000000,0x000000008357e7b0,0x0000000084300000)
 Metaspace       used 56703K, committed 58176K, reserved 1114112K
  class space    used 6132K, committed 6720K, reserved 1048576K
}
Event: 8.282 GC heap after
{Heap after GC invocations=40 (full 2):
 PSYoungGen      total 23040K, used 672K [0x00000000d5580000, 0x00000000d6d00000, 0x0000000100000000)
  eden space 22016K, 0% used [0x00000000d5580000,0x00000000d5580000,0x00000000d6b00000)
  from space 1024K, 65% used [0x00000000d6c00000,0x00000000d6ca8000,0x00000000d6d00000)
  to   space 1024K, 0% used [0x00000000d6b00000,0x00000000d6b00000,0x00000000d6c00000)
 ParOldGen       total 68608K, used 55225K [0x0000000080000000, 0x0000000084300000, 0x00000000d5580000)
  object space 68608K, 80% used [0x0000000080000000,0x00000000835ee7b0,0x0000000084300000)
 Metaspace       used 56703K, committed 58176K, reserved 1114112K
  class space    used 6132K, committed 6720K, reserved 1048576K
}
Event: 8.420 GC heap before
{Heap before GC invocations=41 (full 2):
 PSYoungGen      total 23040K, used 22688K [0x00000000d5580000, 0x00000000d6d00000, 0x0000000100000000)
  eden space 22016K, 100% used [0x00000000d5580000,0x00000000d6b00000,0x00000000d6b00000)
  from space 1024K, 65% used [0x00000000d6c00000,0x00000000d6ca8000,0x00000000d6d00000)
  to   space 1024K, 0% used [0x00000000d6b00000,0x00000000d6b00000,0x00000000d6c00000)
 ParOldGen       total 68608K, used 55225K [0x0000000080000000, 0x0000000084300000, 0x00000000d5580000)
  object space 68608K, 80% used [0x0000000080000000,0x00000000835ee7b0,0x0000000084300000)
 Metaspace       used 56718K, committed 58176K, reserved 1114112K
  class space    used 6132K, committed 6720K, reserved 1048576K
}
Event: 8.421 GC heap after
{Heap after GC invocations=41 (full 2):
 PSYoungGen      total 23040K, used 869K [0x00000000d5580000, 0x00000000d6d00000, 0x0000000100000000)
  eden space 22016K, 0% used [0x00000000d5580000,0x00000000d5580000,0x00000000d6b00000)
  from space 1024K, 84% used [0x00000000d6b00000,0x00000000d6bd95d8,0x00000000d6c00000)
  to   space 1024K, 0% used [0x00000000d6c00000,0x00000000d6c00000,0x00000000d6d00000)
 ParOldGen       total 68608K, used 55673K [0x0000000080000000, 0x0000000084300000, 0x00000000d5580000)
  object space 68608K, 81% used [0x0000000080000000,0x000000008365e7b0,0x0000000084300000)
 Metaspace       used 56718K, committed 58176K, reserved 1114112K
  class space    used 6132K, committed 6720K, reserved 1048576K
}
Event: 8.715 GC heap before
{Heap before GC invocations=42 (full 2):
 PSYoungGen      total 23040K, used 22885K [0x00000000d5580000, 0x00000000d6d00000, 0x0000000100000000)
  eden space 22016K, 100% used [0x00000000d5580000,0x00000000d6b00000,0x00000000d6b00000)
  from space 1024K, 84% used [0x00000000d6b00000,0x00000000d6bd95d8,0x00000000d6c00000)
  to   space 1024K, 0% used [0x00000000d6c00000,0x00000000d6c00000,0x00000000d6d00000)
 ParOldGen       total 68608K, used 55673K [0x0000000080000000, 0x0000000084300000, 0x00000000d5580000)
  object space 68608K, 81% used [0x0000000080000000,0x000000008365e7b0,0x0000000084300000)
 Metaspace       used 56880K, committed 58304K, reserved 1114112K
  class space    used 6142K, committed 6720K, reserved 1048576K
}
Event: 8.715 GC heap after
{Heap after GC invocations=42 (full 2):
 PSYoungGen      total 22016K, used 1013K [0x00000000d5580000, 0x00000000d6f00000, 0x0000000100000000)
  eden space 20992K, 0% used [0x00000000d5580000,0x00000000d5580000,0x00000000d6a00000)
  from space 1024K, 98% used [0x00000000d6c00000,0x00000000d6cfd6f0,0x00000000d6d00000)
  to   space 2048K, 0% used [0x00000000d6a00000,0x00000000d6a00000,0x00000000d6c00000)
 ParOldGen       total 68608K, used 56400K [0x0000000080000000, 0x0000000084300000, 0x00000000d5580000)
  object space 68608K, 82% used [0x0000000080000000,0x0000000083714178,0x0000000084300000)
 Metaspace       used 56880K, committed 58304K, reserved 1114112K
  class space    used 6142K, committed 6720K, reserved 1048576K
}
Event: 8.835 GC heap before
{Heap before GC invocations=43 (full 2):
 PSYoungGen      total 22016K, used 22005K [0x00000000d5580000, 0x00000000d6f00000, 0x0000000100000000)
  eden space 20992K, 100% used [0x00000000d5580000,0x00000000d6a00000,0x00000000d6a00000)
  from space 1024K, 98% used [0x00000000d6c00000,0x00000000d6cfd6f0,0x00000000d6d00000)
  to   space 2048K, 0% used [0x00000000d6a00000,0x00000000d6a00000,0x00000000d6c00000)
 ParOldGen       total 68608K, used 56400K [0x0000000080000000, 0x0000000084300000, 0x00000000d5580000)
  object space 68608K, 82% used [0x0000000080000000,0x0000000083714178,0x0000000084300000)
 Metaspace       used 57158K, committed 58560K, reserved 1114112K
  class space    used 6156K, committed 6720K, reserved 1048576K
}
Event: 8.836 GC heap after
{Heap after GC invocations=43 (full 2):
 PSYoungGen      total 23040K, used 1571K [0x00000000d5580000, 0x00000000d6e00000, 0x0000000100000000)
  eden space 20992K, 0% used [0x00000000d5580000,0x00000000d5580000,0x00000000d6a00000)
  from space 2048K, 76% used [0x00000000d6a00000,0x00000000d6b88ea8,0x00000000d6c00000)
  to   space 2048K, 0% used [0x00000000d6c00000,0x00000000d6c00000,0x00000000d6e00000)
 ParOldGen       total 68608K, used 57402K [0x0000000080000000, 0x0000000084300000, 0x00000000d5580000)
  object space 68608K, 83% used [0x0000000080000000,0x000000008380e9a0,0x0000000084300000)
 Metaspace       used 57158K, committed 58560K, reserved 1114112K
  class space    used 6156K, committed 6720K, reserved 1048576K
}
Event: 8.849 GC heap before
{Heap before GC invocations=44 (full 2):
 PSYoungGen      total 23040K, used 22563K [0x00000000d5580000, 0x00000000d6e00000, 0x0000000100000000)
  eden space 20992K, 100% used [0x00000000d5580000,0x00000000d6a00000,0x00000000d6a00000)
  from space 2048K, 76% used [0x00000000d6a00000,0x00000000d6b88ea8,0x00000000d6c00000)
  to   space 2048K, 0% used [0x00000000d6c00000,0x00000000d6c00000,0x00000000d6e00000)
 ParOldGen       total 68608K, used 57402K [0x0000000080000000, 0x0000000084300000, 0x00000000d5580000)
  object space 68608K, 83% used [0x0000000080000000,0x000000008380e9a0,0x0000000084300000)
 Metaspace       used 57158K, committed 58560K, reserved 1114112K
  class space    used 6156K, committed 6720K, reserved 1048576K
}
Event: 8.850 GC heap after
{Heap after GC invocations=44 (full 2):
 PSYoungGen      total 21504K, used 448K [0x00000000d5580000, 0x00000000d6c80000, 0x0000000100000000)
  eden space 20992K, 0% used [0x00000000d5580000,0x00000000d5580000,0x00000000d6a00000)
  from space 512K, 87% used [0x00000000d6c00000,0x00000000d6c70000,0x00000000d6c80000)
  to   space 1024K, 0% used [0x00000000d6a80000,0x00000000d6a80000,0x00000000d6b80000)
 ParOldGen       total 68608K, used 58750K [0x0000000080000000, 0x0000000084300000, 0x00000000d5580000)
  object space 68608K, 85% used [0x0000000080000000,0x000000008395f960,0x0000000084300000)
 Metaspace       used 57158K, committed 58560K, reserved 1114112K
  class space    used 6156K, committed 6720K, reserved 1048576K
}
Event: 8.893 GC heap before
{Heap before GC invocations=45 (full 2):
 PSYoungGen      total 21504K, used 21440K [0x00000000d5580000, 0x00000000d6c80000, 0x0000000100000000)
  eden space 20992K, 100% used [0x00000000d5580000,0x00000000d6a00000,0x00000000d6a00000)
  from space 512K, 87% used [0x00000000d6c00000,0x00000000d6c70000,0x00000000d6c80000)
  to   space 1024K, 0% used [0x00000000d6a80000,0x00000000d6a80000,0x00000000d6b80000)
 ParOldGen       total 68608K, used 58750K [0x0000000080000000, 0x0000000084300000, 0x00000000d5580000)
  object space 68608K, 85% used [0x0000000080000000,0x000000008395f960,0x0000000084300000)
 Metaspace       used 57160K, committed 58560K, reserved 1114112K
  class space    used 6156K, committed 6720K, reserved 1048576K
}
Event: 8.894 GC heap after
{Heap after GC invocations=45 (full 2):
 PSYoungGen      total 22016K, used 574K [0x00000000d5580000, 0x00000000d6c80000, 0x0000000100000000)
  eden space 20992K, 0% used [0x00000000d5580000,0x00000000d5580000,0x00000000d6a00000)
  from space 1024K, 56% used [0x00000000d6a80000,0x00000000d6b0f810,0x00000000d6b80000)
  to   space 1024K, 0% used [0x00000000d6b80000,0x00000000d6b80000,0x00000000d6c80000)
 ParOldGen       total 68608K, used 59047K [0x0000000080000000, 0x0000000084300000, 0x00000000d5580000)
  object space 68608K, 86% used [0x0000000080000000,0x00000000839a9ce8,0x0000000084300000)
 Metaspace       used 57160K, committed 58560K, reserved 1114112K
  class space    used 6156K, committed 6720K, reserved 1048576K
}
Event: 9.099 GC heap before
{Heap before GC invocations=46 (full 2):
 PSYoungGen      total 22016K, used 21566K [0x00000000d5580000, 0x00000000d6c80000, 0x0000000100000000)
  eden space 20992K, 100% used [0x00000000d5580000,0x00000000d6a00000,0x00000000d6a00000)
  from space 1024K, 56% used [0x00000000d6a80000,0x00000000d6b0f810,0x00000000d6b80000)
  to   space 1024K, 0% used [0x00000000d6b80000,0x00000000d6b80000,0x00000000d6c80000)
 ParOldGen       total 68608K, used 59047K [0x0000000080000000, 0x0000000084300000, 0x00000000d5580000)
  object space 68608K, 86% used [0x0000000080000000,0x00000000839a9ce8,0x0000000084300000)
 Metaspace       used 58086K, committed 59520K, reserved 1114112K
  class space    used 6264K, committed 6848K, reserved 1048576K
}
Event: 9.100 GC heap after
{Heap after GC invocations=46 (full 2):
 PSYoungGen      total 21504K, used 998K [0x00000000d5580000, 0x00000000d6e00000, 0x0000000100000000)
  eden space 20480K, 0% used [0x00000000d5580000,0x00000000d5580000,0x00000000d6980000)
  from space 1024K, 97% used [0x00000000d6b80000,0x00000000d6c79820,0x00000000d6c80000)
  to   space 2048K, 0% used [0x00000000d6980000,0x00000000d6980000,0x00000000d6b80000)
 ParOldGen       total 68608K, used 59632K [0x0000000080000000, 0x0000000084300000, 0x00000000d5580000)
  object space 68608K, 86% used [0x0000000080000000,0x0000000083a3c130,0x0000000084300000)
 Metaspace       used 58086K, committed 59520K, reserved 1114112K
  class space    used 6264K, committed 6848K, reserved 1048576K
}
Event: 9.123 GC heap before
{Heap before GC invocations=47 (full 2):
 PSYoungGen      total 21504K, used 3645K [0x00000000d5580000, 0x00000000d6e00000, 0x0000000100000000)
  eden space 20480K, 12% used [0x00000000d5580000,0x00000000d5815c38,0x00000000d6980000)
  from space 1024K, 97% used [0x00000000d6b80000,0x00000000d6c79820,0x00000000d6c80000)
  to   space 2048K, 0% used [0x00000000d6980000,0x00000000d6980000,0x00000000d6b80000)
 ParOldGen       total 68608K, used 59632K [0x0000000080000000, 0x0000000084300000, 0x00000000d5580000)
  object space 68608K, 86% used [0x0000000080000000,0x0000000083a3c130,0x0000000084300000)
 Metaspace       used 58377K, committed 59776K, reserved 1114112K
  class space    used 6294K, committed 6848K, reserved 1048576K
}
Event: 9.124 GC heap after
{Heap after GC invocations=47 (full 2):
 PSYoungGen      total 20992K, used 448K [0x00000000d5580000, 0x00000000d6c00000, 0x0000000100000000)
  eden space 20480K, 0% used [0x00000000d5580000,0x00000000d5580000,0x00000000d6980000)
  from space 512K, 87% used [0x00000000d6980000,0x00000000d69f0020,0x00000000d6a00000)
  to   space 1024K, 0% used [0x00000000d6b00000,0x00000000d6b00000,0x00000000d6c00000)
 ParOldGen       total 68608K, used 60660K [0x0000000080000000, 0x0000000084300000, 0x00000000d5580000)
  object space 68608K, 88% used [0x0000000080000000,0x0000000083b3d370,0x0000000084300000)
 Metaspace       used 58377K, committed 59776K, reserved 1114112K
  class space    used 6294K, committed 6848K, reserved 1048576K
}
Event: 9.124 GC heap before
{Heap before GC invocations=48 (full 3):
 PSYoungGen      total 20992K, used 448K [0x00000000d5580000, 0x00000000d6c00000, 0x0000000100000000)
  eden space 20480K, 0% used [0x00000000d5580000,0x00000000d5580000,0x00000000d6980000)
  from space 512K, 87% used [0x00000000d6980000,0x00000000d69f0020,0x00000000d6a00000)
  to   space 1024K, 0% used [0x00000000d6b00000,0x00000000d6b00000,0x00000000d6c00000)
 ParOldGen       total 68608K, used 60660K [0x0000000080000000, 0x0000000084300000, 0x00000000d5580000)
  object space 68608K, 88% used [0x0000000080000000,0x0000000083b3d370,0x0000000084300000)
 Metaspace       used 58377K, committed 59776K, reserved 1114112K
  class space    used 6294K, committed 6848K, reserved 1048576K
}
Event: 9.201 GC heap after
{Heap after GC invocations=48 (full 3):
 PSYoungGen      total 20992K, used 0K [0x00000000d5580000, 0x00000000d6c00000, 0x0000000100000000)
  eden space 20480K, 0% used [0x00000000d5580000,0x00000000d5580000,0x00000000d6980000)
  from space 512K, 0% used [0x00000000d6980000,0x00000000d6980000,0x00000000d6a00000)
  to   space 1024K, 0% used [0x00000000d6b00000,0x00000000d6b00000,0x00000000d6c00000)
 ParOldGen       total 68608K, used 51210K [0x0000000080000000, 0x0000000084300000, 0x00000000d5580000)
  object space 68608K, 74% used [0x0000000080000000,0x0000000083202a38,0x0000000084300000)
 Metaspace       used 58371K, committed 59776K, reserved 1114112K
  class space    used 6293K, committed 6848K, reserved 1048576K
}

Dll operation events (10 events):
Event: 0.006 Loaded shared library c:\Users\yanvi\.vscode\extensions\redhat.java-1.46.0-win32-x64\jre\21.0.8-win32-x86_64\bin\java.dll
Event: 0.059 Loaded shared library c:\Users\yanvi\.vscode\extensions\redhat.java-1.46.0-win32-x64\jre\21.0.8-win32-x86_64\bin\zip.dll
Event: 0.076 Loaded shared library C:\Users\yanvi\.vscode\extensions\redhat.java-1.46.0-win32-x64\jre\21.0.8-win32-x86_64\bin\instrument.dll
Event: 0.080 Loaded shared library C:\Users\yanvi\.vscode\extensions\redhat.java-1.46.0-win32-x64\jre\21.0.8-win32-x86_64\bin\net.dll
Event: 0.081 Loaded shared library C:\Users\yanvi\.vscode\extensions\redhat.java-1.46.0-win32-x64\jre\21.0.8-win32-x86_64\bin\nio.dll
Event: 0.084 Loaded shared library C:\Users\yanvi\.vscode\extensions\redhat.java-1.46.0-win32-x64\jre\21.0.8-win32-x86_64\bin\zip.dll
Event: 0.095 Loaded shared library C:\Users\yanvi\.vscode\extensions\redhat.java-1.46.0-win32-x64\jre\21.0.8-win32-x86_64\bin\jimage.dll
Event: 0.156 Loaded shared library c:\Users\yanvi\.vscode\extensions\redhat.java-1.46.0-win32-x64\jre\21.0.8-win32-x86_64\bin\verify.dll
Event: 1.083 Loaded shared library C:\Users\yanvi\AppData\Roaming\Code\User\globalStorage\redhat.java\1.46.0\config_win\org.eclipse.equinox.launcher\org.eclipse.equinox.launcher.win32.win32.x86_64_1.2.1400.v20250801-0854\eclipse_11916.dll
Event: 2.274 Loaded shared library C:\Users\yanvi\AppData\Local\Temp\jna-114745241\jna14203895839821160751.dll

Deoptimization events (20 events):
Event: 9.098 Thread 0x000001bd7ced0b80 DEOPT PACKING pc=0x000001bd27c05600 sp=0x000000593ebfd9d0
Event: 9.098 Thread 0x000001bd7bee23e0 DEOPT PACKING pc=0x000001bd27c05600 sp=0x000000593d1fdad0
Event: 9.098 Thread 0x000001bd7bee23e0 DEOPT UNPACKING pc=0x000001bd272d3aa2 sp=0x000000593d1fd9f8 mode 2
Event: 9.098 Thread 0x000001bd7ced0b80 DEOPT UNPACKING pc=0x000001bd272d3aa2 sp=0x000000593ebfd8f8 mode 2
Event: 9.101 Thread 0x000001bd7e269cd0 Uncommon trap: trap_request=0xffffff45 fr.pc=0x000001bd27aa1f50 relative=0x00000000000005f0
Event: 9.101 Thread 0x000001bd7e269cd0 Uncommon trap: reason=unstable_if action=reinterpret pc=0x000001bd27aa1f50 method=java.util.concurrent.ConcurrentHashMap.addCount(JI)V @ 7 c2
Event: 9.101 Thread 0x000001bd7e269cd0 DEOPT PACKING pc=0x000001bd27aa1f50 sp=0x000000593e3fe2c0
Event: 9.101 Thread 0x000001bd7e269cd0 DEOPT UNPACKING pc=0x000001bd272d3aa2 sp=0x000000593e3fe178 mode 2
Event: 9.204 Thread 0x000001bd7bee23e0 Uncommon trap: trap_request=0xffffffde fr.pc=0x000001bd27ac3f4c relative=0x00000000000000ac
Event: 9.204 Thread 0x000001bd7bee23e0 Uncommon trap: reason=class_check action=maybe_recompile pc=0x000001bd27ac3f4c method=jdk.internal.util.StrongReferenceKey.equals(Ljava/lang/Object;)Z @ 1 c2
Event: 9.204 Thread 0x000001bd7bee23e0 DEOPT PACKING pc=0x000001bd27ac3f4c sp=0x000000593d1fbd00
Event: 9.204 Thread 0x000001bd7bee23e0 DEOPT UNPACKING pc=0x000001bd272d3aa2 sp=0x000000593d1fbc88 mode 2
Event: 9.205 Thread 0x000001bd7bee23e0 Uncommon trap: trap_request=0xffffff54 fr.pc=0x000001bd27ccc4c8 relative=0x0000000000006548
Event: 9.205 Thread 0x000001bd7bee23e0 Uncommon trap: reason=speculate_null_assert action=make_not_entrant pc=0x000001bd27ccc4c8 method=jdk.internal.util.ReferencedKeyMap.internKey(Ljdk/internal/util/ReferencedKeyMap;Ljava/lang/Object;)Ljava/lang/Object; @ 28 c2
Event: 9.205 Thread 0x000001bd7bee23e0 DEOPT PACKING pc=0x000001bd27ccc4c8 sp=0x000000593d1fd570
Event: 9.205 Thread 0x000001bd7bee23e0 DEOPT UNPACKING pc=0x000001bd272d3aa2 sp=0x000000593d1fd290 mode 2
Event: 9.217 Thread 0x000001bd7bee23e0 Uncommon trap: trap_request=0xffffffcc fr.pc=0x000001bd27be35e4 relative=0x00000000000026a4
Event: 9.217 Thread 0x000001bd7bee23e0 Uncommon trap: reason=intrinsic_or_type_checked_inlining action=make_not_entrant pc=0x000001bd27be35e4 method=java.util.ArrayList$SubList.toArray([Ljava/lang/Object;)[Ljava/lang/Object; @ 58 c2
Event: 9.217 Thread 0x000001bd7bee23e0 DEOPT PACKING pc=0x000001bd27be35e4 sp=0x000000593d1fb330
Event: 9.217 Thread 0x000001bd7bee23e0 DEOPT UNPACKING pc=0x000001bd272d3aa2 sp=0x000000593d1fb0f0 mode 2

Classes loaded (20 events):
Event: 8.956 Loading class java/util/stream/ReduceOps$4
Event: 8.956 Loading class java/util/stream/ReduceOps$4 done
Event: 8.956 Loading class java/util/stream/ReduceOps$4ReducingSink
Event: 8.956 Loading class java/util/stream/ReduceOps$4ReducingSink done
Event: 9.111 Loading class java/util/stream/ReferencePipeline$4
Event: 9.111 Loading class java/util/stream/ReferencePipeline$4 done
Event: 9.111 Loading class java/util/stream/Nodes$IntFixedNodeBuilder
Event: 9.111 Loading class java/util/stream/Node$Builder$OfInt
Event: 9.111 Loading class java/util/stream/Node$Builder$OfInt done
Event: 9.111 Loading class java/util/stream/Nodes$IntArrayNode
Event: 9.111 Loading class java/util/stream/Nodes$IntArrayNode done
Event: 9.111 Loading class java/util/stream/Nodes$IntFixedNodeBuilder done
Event: 9.112 Loading class java/util/stream/ReferencePipeline$4$1
Event: 9.112 Loading class java/util/stream/ReferencePipeline$4$1 done
Event: 9.212 Loading class jdk/internal/icu/text/NormalizerBase$NFCModeImpl
Event: 9.212 Loading class jdk/internal/icu/text/NormalizerBase$NFCModeImpl done
Event: 9.212 Loading class jdk/internal/icu/impl/Norm2AllModes$NFCSingleton
Event: 9.212 Loading class jdk/internal/icu/impl/Norm2AllModes$NFCSingleton done
Event: 9.213 Loading class java/nio/StringCharBuffer
Event: 9.213 Loading class java/nio/StringCharBuffer done

Classes unloaded (10 events):
Event: 2.697 Thread 0x000001bd1cc14940 Unloading class 0x000001bd351acc00 'java/lang/invoke/LambdaForm$MH+0x000001bd351acc00'
Event: 2.697 Thread 0x000001bd1cc14940 Unloading class 0x000001bd351ac800 'java/lang/invoke/LambdaForm$MH+0x000001bd351ac800'
Event: 2.697 Thread 0x000001bd1cc14940 Unloading class 0x000001bd351ac400 'java/lang/invoke/LambdaForm$MH+0x000001bd351ac400'
Event: 2.697 Thread 0x000001bd1cc14940 Unloading class 0x000001bd351ac000 'java/lang/invoke/LambdaForm$MH+0x000001bd351ac000'
Event: 2.697 Thread 0x000001bd1cc14940 Unloading class 0x000001bd351abc00 'java/lang/invoke/LambdaForm$BMH+0x000001bd351abc00'
Event: 2.697 Thread 0x000001bd1cc14940 Unloading class 0x000001bd351ab800 'java/lang/invoke/LambdaForm$DMH+0x000001bd351ab800'
Event: 2.697 Thread 0x000001bd1cc14940 Unloading class 0x000001bd351aa400 'java/lang/invoke/LambdaForm$DMH+0x000001bd351aa400'
Event: 9.136 Thread 0x000001bd1cc14940 Unloading class 0x000001bd356d1000 'java/lang/invoke/LambdaForm$MH+0x000001bd356d1000'
Event: 9.136 Thread 0x000001bd1cc14940 Unloading class 0x000001bd356d0c00 'java/lang/invoke/LambdaForm$MH+0x000001bd356d0c00'
Event: 9.136 Thread 0x000001bd1cc14940 Unloading class 0x000001bd356d0400 'java/lang/invoke/LambdaForm$DMH+0x000001bd356d0400'

Classes redefined (0 events):
No events

Internal exceptions (20 events):
Event: 6.519 Thread 0x000001bd7e269cd0 Exception <a 'sun/nio/fs/WindowsException'{0x00000000d6136340}> (0x00000000d6136340) 
thrown [s\src\hotspot\share\prims\jni.cpp, line 520]
Event: 6.520 Thread 0x000001bd7e269cd0 Exception <a 'java/lang/IncompatibleClassChangeError'{0x00000000d6155870}: Found class java.lang.Object, but interface was expected> (0x00000000d6155870) 
thrown [s\src\hotspot\share\interpreter\linkResolver.cpp, line 840]
Event: 6.530 Thread 0x000001bd7e269cd0 Exception <a 'java/lang/IncompatibleClassChangeError'{0x00000000d6256298}: Found class java.lang.Object, but interface was expected> (0x00000000d6256298) 
thrown [s\src\hotspot\share\interpreter\linkResolver.cpp, line 840]
Event: 6.541 Thread 0x000001bd7bee23e0 Exception <a 'java/lang/NoSuchMethodError'{0x00000000d655c020}: 'java.lang.Object java.lang.invoke.DirectMethodHandle$Holder.invokeSpecial(java.lang.Object, java.lang.Object, int, long)'> (0x00000000d655c020) 
thrown [s\src\hotspot\share\interpreter\linkResolver.cpp, line 773]
Event: 6.553 Thread 0x000001bd7bee23e0 Exception <a 'java/lang/NoSuchMethodError'{0x00000000d69f00c8}: 'java.lang.Object java.lang.invoke.DirectMethodHandle$Holder.invokeStatic(java.lang.Object, java.lang.Object, int, java.lang.Object)'> (0x00000000d69f00c8) 
thrown [s\src\hotspot\share\interpreter\linkResolver.cpp, line 773]
Event: 6.554 Thread 0x000001bd7bee23e0 Exception <a 'java/lang/NoSuchMethodError'{0x00000000d69fa3d0}: 'java.lang.Object java.lang.invoke.DirectMethodHandle$Holder.newInvokeSpecial(java.lang.Object, java.lang.Object, int)'> (0x00000000d69fa3d0) 
thrown [s\src\hotspot\share\interpreter\linkResolver.cpp, line 773]
Event: 7.870 Thread 0x000001bd7bee23e0 Implicit null exception at 0x000001bd27c55c86 to 0x000001bd27c55d90
Event: 8.226 Thread 0x000001bd7bee23e0 Implicit null exception at 0x000001bd27b67886 to 0x000001bd27b679b1
Event: 8.292 Thread 0x000001bd7bee23e0 Implicit null exception at 0x000001bd27b56da1 to 0x000001bd27b570b4
Event: 8.627 Thread 0x000001bd7e269cd0 Exception <a 'java/lang/IncompatibleClassChangeError'{0x00000000d6951180}: Found class java.lang.Object, but interface was expected> (0x00000000d6951180) 
thrown [s\src\hotspot\share\interpreter\linkResolver.cpp, line 840]
Event: 8.776 Thread 0x000001bd7ced0b80 Exception <a 'java/lang/NoSuchMethodError'{0x00000000d5876880}: 'int java.lang.invoke.Invokers$Holder.invokeExact_MT(java.lang.Object, java.lang.Object)'> (0x00000000d5876880) 
thrown [s\src\hotspot\share\interpreter\linkResolver.cpp, line 773]
Event: 8.905 Thread 0x000001bd7ced0b80 Exception <a 'java/lang/IncompatibleClassChangeError'{0x00000000d5f66068}: Found class java.lang.Object, but interface was expected> (0x00000000d5f66068) 
thrown [s\src\hotspot\share\interpreter\linkResolver.cpp, line 840]
Event: 8.963 Thread 0x000001bd7bee23e0 Exception <a 'java/lang/NoSuchMethodError'{0x00000000d644c570}: 'int java.lang.invoke.DirectMethodHandle$Holder.invokeSpecialIFC(java.lang.Object, java.lang.Object, java.lang.Object)'> (0x00000000d644c570) 
thrown [s\src\hotspot\share\interpreter\linkResolver.cpp, line 773]
Event: 8.963 Thread 0x000001bd7ced0b80 Exception <a 'java/lang/NoSuchMethodError'{0x00000000d6427c80}: 'int java.lang.invoke.DirectMethodHandle$Holder.invokeSpecialIFC(java.lang.Object, java.lang.Object, java.lang.Object)'> (0x00000000d6427c80) 
thrown [s\src\hotspot\share\interpreter\linkResolver.cpp, line 773]
Event: 8.974 Thread 0x000001bd7ced0b80 Implicit null exception at 0x000001bd27cc01cb to 0x000001bd27cc0334
Event: 8.974 Thread 0x000001bd7bee23e0 Implicit null exception at 0x000001bd27cc01cb to 0x000001bd27cc0334
Event: 8.986 Thread 0x000001bd7ced0b80 Exception <a 'java/lang/LinkageError'{0x00000000d66645f0}: loader lombok.launch.ShadowClassLoader @41ae50de attempted duplicate class definition for lombok.launch.PatchFixesHider$Delegate. (lombok.launch.PatchFixesHider$Delegate is in unnamed module of loader lombok.launch.ShadowClassLoader @41ae50de, parent loader org.eclipse.osgi.internal.loader.EquinoxClassLoader @28e17097)> (0x00000000d66645f0) 
thrown [s\src\hotspot\share\classfile\systemDictionary.cpp, line 1682]
Event: 9.102 Thread 0x000001bd7e269cd0 Exception <a 'java/lang/IncompatibleClassChangeError'{0x00000000d55c1cd8}: Found class java.lang.Object, but interface was expected> (0x00000000d55c1cd8) 
thrown [s\src\hotspot\share\interpreter\linkResolver.cpp, line 840]
Event: 9.118 Thread 0x000001bd7e26cac0 Exception <a 'java/lang/ArrayIndexOutOfBoundsException'{0x00000000d57aa788}: Index 882 out of bounds for length 881> (0x00000000d57aa788) 
thrown [s\src\hotspot\share\interpreter\interpreterRuntime.cpp, line 439]
Event: 9.208 Thread 0x000001bd7bee23e0 Exception <a 'java/lang/LinkageError'{0x00000000d569f190}: loader lombok.launch.ShadowClassLoader @3ea45462 attempted duplicate class definition for lombok.launch.PatchFixesHider$PatchFixes. (lombok.launch.PatchFixesHider$PatchFixes is in unnamed module of loader lombok.launch.ShadowClassLoader @3ea45462, parent loader org.eclipse.osgi.internal.loader.EquinoxClassLoader @404bc679)> (0x00000000d569f190) 
thrown [s\src\hotspot\share\classfile\systemDictionary.cpp, line 1682]

ZGC Phase Switch (0 events):
No events

VM Operations (20 events):
Event: 8.420 Executing VM operation: ParallelGCFailedAllocation (Allocation Failure)
Event: 8.421 Executing VM operation: ParallelGCFailedAllocation (Allocation Failure) done
Event: 8.715 Executing VM operation: ParallelGCFailedAllocation (Allocation Failure)
Event: 8.715 Executing VM operation: ParallelGCFailedAllocation (Allocation Failure) done
Event: 8.764 Executing VM operation: HandshakeAllThreads (Deoptimize)
Event: 8.764 Executing VM operation: HandshakeAllThreads (Deoptimize) done
Event: 8.835 Executing VM operation: ParallelGCFailedAllocation (Allocation Failure)
Event: 8.836 Executing VM operation: ParallelGCFailedAllocation (Allocation Failure) done
Event: 8.849 Executing VM operation: ParallelGCFailedAllocation (Allocation Failure)
Event: 8.850 Executing VM operation: ParallelGCFailedAllocation (Allocation Failure) done
Event: 8.893 Executing VM operation: ParallelGCFailedAllocation (Allocation Failure)
Event: 8.894 Executing VM operation: ParallelGCFailedAllocation (Allocation Failure) done
Event: 8.966 Executing VM operation: HandshakeAllThreads (Deoptimize)
Event: 8.967 Executing VM operation: HandshakeAllThreads (Deoptimize) done
Event: 9.086 Executing VM operation: HandshakeAllThreads (Deoptimize)
Event: 9.086 Executing VM operation: HandshakeAllThreads (Deoptimize) done
Event: 9.099 Executing VM operation: ParallelGCFailedAllocation (Allocation Failure)
Event: 9.100 Executing VM operation: ParallelGCFailedAllocation (Allocation Failure) done
Event: 9.123 Executing VM operation: CollectForMetadataAllocation (Metadata GC Threshold)
Event: 9.201 Executing VM operation: CollectForMetadataAllocation (Metadata GC Threshold) done

Memory protections (0 events):
No events

Nmethod flushes (20 events):
Event: 9.155 Thread 0x000001bd1cc14940 flushing  nmethod 0x000001bd205cb590
Event: 9.155 Thread 0x000001bd1cc14940 flushing  nmethod 0x000001bd205db890
Event: 9.155 Thread 0x000001bd1cc14940 flushing  nmethod 0x000001bd205ded90
Event: 9.155 Thread 0x000001bd1cc14940 flushing  nmethod 0x000001bd20602590
Event: 9.155 Thread 0x000001bd1cc14940 flushing  nmethod 0x000001bd20602c90
Event: 9.155 Thread 0x000001bd1cc14940 flushing  nmethod 0x000001bd20603290
Event: 9.155 Thread 0x000001bd1cc14940 flushing  nmethod 0x000001bd20603b10
Event: 9.155 Thread 0x000001bd1cc14940 flushing  nmethod 0x000001bd20607d10
Event: 9.155 Thread 0x000001bd1cc14940 flushing  nmethod 0x000001bd20614b10
Event: 9.155 Thread 0x000001bd1cc14940 flushing  nmethod 0x000001bd20619e10
Event: 9.155 Thread 0x000001bd1cc14940 flushing  nmethod 0x000001bd20631190
Event: 9.155 Thread 0x000001bd1cc14940 flushing  nmethod 0x000001bd20641710
Event: 9.155 Thread 0x000001bd1cc14940 flushing  nmethod 0x000001bd2066d090
Event: 9.155 Thread 0x000001bd1cc14940 flushing  nmethod 0x000001bd206aa010
Event: 9.155 Thread 0x000001bd1cc14940 flushing  nmethod 0x000001bd206b0210
Event: 9.155 Thread 0x000001bd1cc14940 flushing  nmethod 0x000001bd206b1610
Event: 9.155 Thread 0x000001bd1cc14940 flushing  nmethod 0x000001bd206c7990
Event: 9.155 Thread 0x000001bd1cc14940 flushing  nmethod 0x000001bd206cba90
Event: 9.155 Thread 0x000001bd1cc14940 flushing  nmethod 0x000001bd206cc390
Event: 9.155 Thread 0x000001bd1cc14940 flushing  nmethod 0x000001bd206cc710

Events (20 events):
Event: 3.801 Thread 0x000001bd7bee09a0 Thread added: 0x000001bd7e26c430
Event: 3.829 Thread 0x000001bd1cb55f30 Thread added: 0x000001bd7e268fb0
Event: 3.970 Thread 0x000001bd1cb55f30 Thread added: 0x000001bd7e26de70
Event: 3.970 Thread 0x000001bd1cb55f30 Thread added: 0x000001bd7e269cd0
Event: 4.395 Thread 0x000001bd7bee0310 Thread added: 0x000001bd7e26bda0
Event: 4.395 Thread 0x000001bd7bee0310 Thread added: 0x000001bd7e26cac0
Event: 4.396 Thread 0x000001bd7e26bda0 Thread added: 0x000001bd7ced18a0
Event: 4.398 Thread 0x000001bd7e26cac0 Thread added: 0x000001bd7ced1f30
Event: 4.398 Thread 0x000001bd7ced18a0 Thread added: 0x000001bd7ced25c0
Event: 4.401 Thread 0x000001bd7ced1f30 Thread added: 0x000001bd7cecd700
Event: 4.407 Thread 0x000001bd7cecd700 Thread added: 0x000001bd7cecd070
Event: 4.409 Thread 0x000001bd7ced25c0 Thread added: 0x000001bd7ced0b80
Event: 4.411 Thread 0x000001bd7cecd070 Thread added: 0x000001bd7cecf7d0
Event: 4.415 Thread 0x000001bd7ced0b80 Thread added: 0x000001bd7ced1210
Event: 4.416 Thread 0x000001bd7cecf7d0 Thread added: 0x000001bd7ceceab0
Event: 6.826 Thread 0x000001bd7cdfa860 Thread exited: 0x000001bd7cdfa860
Event: 6.826 Thread 0x000001bd7b764970 Thread exited: 0x000001bd7b764970
Event: 7.546 Thread 0x000001bd7655d8f0 Thread added: 0x000001bd7d5d71a0
Event: 8.597 Thread 0x000001bd7d5d71a0 Thread exited: 0x000001bd7d5d71a0
Event: 8.762 Thread 0x000001bd7655d8f0 Thread added: 0x000001bd7d5d5d30


Dynamic libraries:
0x00007ff644510000 - 0x00007ff64451e000 	c:\Users\yanvi\.vscode\extensions\redhat.java-1.46.0-win32-x64\jre\21.0.8-win32-x86_64\bin\java.exe
0x00007ffdeb3f0000 - 0x00007ffdeb5e8000 	C:\Windows\SYSTEM32\ntdll.dll
0x00007ffde9830000 - 0x00007ffde98f2000 	C:\Windows\System32\KERNEL32.DLL
0x00007ffde9050000 - 0x00007ffde9346000 	C:\Windows\System32\KERNELBASE.dll
0x00007ffde8c90000 - 0x00007ffde8d90000 	C:\Windows\System32\ucrtbase.dll
0x00007ffde5db0000 - 0x00007ffde5dc8000 	c:\Users\yanvi\.vscode\extensions\redhat.java-1.46.0-win32-x64\jre\21.0.8-win32-x86_64\bin\jli.dll
0x00007ffde33f0000 - 0x00007ffde340e000 	c:\Users\yanvi\.vscode\extensions\redhat.java-1.46.0-win32-x64\jre\21.0.8-win32-x86_64\bin\VCRUNTIME140.dll
0x00007ffdea9f0000 - 0x00007ffdeab91000 	C:\Windows\System32\USER32.dll
0x00007ffde9020000 - 0x00007ffde9042000 	C:\Windows\System32\win32u.dll
0x00007ffde9dd0000 - 0x00007ffde9dfb000 	C:\Windows\System32\GDI32.dll
0x00007ffddba30000 - 0x00007ffddbccb000 	C:\Windows\WinSxS\amd64_microsoft.windows.common-controls_6595b64144ccf1df_6.0.19041.6456_none_60b8a6cb71f64256\COMCTL32.dll
0x00007ffde8e60000 - 0x00007ffde8f79000 	C:\Windows\System32\gdi32full.dll
0x00007ffdeac80000 - 0x00007ffdead1e000 	C:\Windows\System32\msvcrt.dll
0x00007ffde8f80000 - 0x00007ffde901d000 	C:\Windows\System32\msvcp_win.dll
0x00007ffdeb2c0000 - 0x00007ffdeb2ef000 	C:\Windows\System32\IMM32.DLL
0x00007ffde5df0000 - 0x00007ffde5dfc000 	c:\Users\yanvi\.vscode\extensions\redhat.java-1.46.0-win32-x64\jre\21.0.8-win32-x86_64\bin\vcruntime140_1.dll
0x00007ffdc3ca0000 - 0x00007ffdc3d2d000 	c:\Users\yanvi\.vscode\extensions\redhat.java-1.46.0-win32-x64\jre\21.0.8-win32-x86_64\bin\msvcp140.dll
0x00007ffd65ac0000 - 0x00007ffd66857000 	c:\Users\yanvi\.vscode\extensions\redhat.java-1.46.0-win32-x64\jre\21.0.8-win32-x86_64\bin\server\jvm.dll
0x00007ffde9490000 - 0x00007ffde9541000 	C:\Windows\System32\ADVAPI32.dll
0x00007ffde9d20000 - 0x00007ffde9dbf000 	C:\Windows\System32\sechost.dll
0x00007ffde9970000 - 0x00007ffde9a90000 	C:\Windows\System32\RPCRT4.dll
0x00007ffde93e0000 - 0x00007ffde9407000 	C:\Windows\System32\bcrypt.dll
0x00007ffdea980000 - 0x00007ffdea9eb000 	C:\Windows\System32\WS2_32.dll
0x00007ffde8380000 - 0x00007ffde83cb000 	C:\Windows\SYSTEM32\POWRPROF.dll
0x00007ffdd9a20000 - 0x00007ffdd9a47000 	C:\Windows\SYSTEM32\WINMM.dll
0x00007ffddfdb0000 - 0x00007ffddfdba000 	C:\Windows\SYSTEM32\VERSION.dll
0x00007ffde8360000 - 0x00007ffde8372000 	C:\Windows\SYSTEM32\UMPDC.dll
0x00007ffde68d0000 - 0x00007ffde68e2000 	C:\Windows\SYSTEM32\kernel.appcore.dll
0x00007ffde5d80000 - 0x00007ffde5d8a000 	c:\Users\yanvi\.vscode\extensions\redhat.java-1.46.0-win32-x64\jre\21.0.8-win32-x86_64\bin\jimage.dll
0x00007ffdd19d0000 - 0x00007ffdd1bd1000 	C:\Windows\SYSTEM32\DBGHELP.DLL
0x00007ffdc6a90000 - 0x00007ffdc6ac4000 	C:\Windows\SYSTEM32\dbgcore.DLL
0x00007ffde9350000 - 0x00007ffde93d2000 	C:\Windows\System32\bcryptPrimitives.dll
0x00007ffde5bb0000 - 0x00007ffde5bbf000 	c:\Users\yanvi\.vscode\extensions\redhat.java-1.46.0-win32-x64\jre\21.0.8-win32-x86_64\bin\instrument.dll
0x00007ffdc5b90000 - 0x00007ffdc5baf000 	c:\Users\yanvi\.vscode\extensions\redhat.java-1.46.0-win32-x64\jre\21.0.8-win32-x86_64\bin\java.dll
0x00007ffdea210000 - 0x00007ffdea980000 	C:\Windows\System32\SHELL32.dll
0x00007ffde6ad0000 - 0x00007ffde7275000 	C:\Windows\SYSTEM32\windows.storage.dll
0x00007ffde9e00000 - 0x00007ffdea154000 	C:\Windows\System32\combase.dll
0x00007ffde83d0000 - 0x00007ffde83fb000 	C:\Windows\SYSTEM32\Wldp.dll
0x00007ffde9aa0000 - 0x00007ffde9b6d000 	C:\Windows\System32\OLEAUT32.dll
0x00007ffdea160000 - 0x00007ffdea20d000 	C:\Windows\System32\SHCORE.dll
0x00007ffde9900000 - 0x00007ffde995b000 	C:\Windows\System32\shlwapi.dll
0x00007ffde89b0000 - 0x00007ffde89d4000 	C:\Windows\SYSTEM32\profapi.dll
0x00007ffdc58a0000 - 0x00007ffdc58b8000 	c:\Users\yanvi\.vscode\extensions\redhat.java-1.46.0-win32-x64\jre\21.0.8-win32-x86_64\bin\zip.dll
0x00007ffde33e0000 - 0x00007ffde33f0000 	C:\Users\yanvi\.vscode\extensions\redhat.java-1.46.0-win32-x64\jre\21.0.8-win32-x86_64\bin\net.dll
0x00007ffde31f0000 - 0x00007ffde32fa000 	C:\Windows\SYSTEM32\WINHTTP.dll
0x00007ffde80d0000 - 0x00007ffde813a000 	C:\Windows\system32\mswsock.dll
0x00007ffdc5710000 - 0x00007ffdc5726000 	C:\Users\yanvi\.vscode\extensions\redhat.java-1.46.0-win32-x64\jre\21.0.8-win32-x86_64\bin\nio.dll
0x00007ffde2e30000 - 0x00007ffde2e40000 	c:\Users\yanvi\.vscode\extensions\redhat.java-1.46.0-win32-x64\jre\21.0.8-win32-x86_64\bin\verify.dll
0x00007ffdc3c00000 - 0x00007ffdc3c44000 	C:\Users\yanvi\AppData\Roaming\Code\User\globalStorage\redhat.java\1.46.0\config_win\org.eclipse.equinox.launcher\org.eclipse.equinox.launcher.win32.win32.x86_64_1.2.1400.v20250801-0854\eclipse_11916.dll
0x00007ffde9550000 - 0x00007ffde967b000 	C:\Windows\System32\ole32.dll
0x00007ffde8410000 - 0x00007ffde8428000 	C:\Windows\SYSTEM32\CRYPTSP.dll
0x00007ffde7a10000 - 0x00007ffde7a48000 	C:\Windows\system32\rsaenh.dll
0x00007ffde8930000 - 0x00007ffde895e000 	C:\Windows\SYSTEM32\USERENV.dll
0x00007ffde82d0000 - 0x00007ffde82dc000 	C:\Windows\SYSTEM32\CRYPTBASE.dll
0x00007ffde7dd0000 - 0x00007ffde7e0b000 	C:\Windows\SYSTEM32\IPHLPAPI.DLL
0x00007ffde9960000 - 0x00007ffde9968000 	C:\Windows\System32\NSI.dll
0x00007ffdc3b60000 - 0x00007ffdc3ba9000 	C:\Users\yanvi\AppData\Local\Temp\jna-114745241\jna14203895839821160751.dll
0x00007ffde9dc0000 - 0x00007ffde9dc8000 	C:\Windows\System32\PSAPI.DLL
0x00007ffde2c20000 - 0x00007ffde2c37000 	C:\Windows\SYSTEM32\dhcpcsvc6.DLL
0x00007ffde2c00000 - 0x00007ffde2c1d000 	C:\Windows\SYSTEM32\dhcpcsvc.DLL

JVMTI agents:
c:\Users\yanvi\.vscode\extensions\redhat.java-1.46.0-win32-x64\lombok\lombok-1.18.39-4050.jar path:c:\Users\yanvi\.vscode\extensions\redhat.java-1.46.0-win32-x64\jre\21.0.8-win32-x86_64\bin\instrument.dll, loaded, initialized, instrumentlib options:none

dbghelp: loaded successfully - version: 4.0.5 - missing functions: none
symbol engine: initialized successfully - sym options: 0x614 - pdb path: .;c:\Users\yanvi\.vscode\extensions\redhat.java-1.46.0-win32-x64\jre\21.0.8-win32-x86_64\bin;C:\Windows\SYSTEM32;C:\Windows\WinSxS\amd64_microsoft.windows.common-controls_6595b64144ccf1df_6.0.19041.6456_none_60b8a6cb71f64256;c:\Users\yanvi\.vscode\extensions\redhat.java-1.46.0-win32-x64\jre\21.0.8-win32-x86_64\bin\server;C:\Users\yanvi\AppData\Roaming\Code\User\globalStorage\redhat.java\1.46.0\config_win\org.eclipse.equinox.launcher\org.eclipse.equinox.launcher.win32.win32.x86_64_1.2.1400.v20250801-0854;C:\Users\yanvi\AppData\Local\Temp\jna-114745241

VM Arguments:
jvm_args: --add-modules=ALL-SYSTEM --add-opens=java.base/java.util=ALL-UNNAMED --add-opens=java.base/java.lang=ALL-UNNAMED --add-opens=java.base/sun.nio.fs=ALL-UNNAMED -Declipse.application=org.eclipse.jdt.ls.core.id1 -Dosgi.bundles.defaultStartLevel=4 -Declipse.product=org.eclipse.jdt.ls.core.product -Djava.import.generatesMetadataFilesAtProjectRoot=false -DDetectVMInstallationsJob.disabled=true -Dfile.encoding=utf8 -XX:+UseParallelGC -XX:GCTimeRatio=4 -XX:AdaptiveSizePolicyWeight=90 -Dsun.zip.disableMemoryMapping=true -Xmx2G -Xms100m -Xlog:disable -javaagent:c:\Users\yanvi\.vscode\extensions\redhat.java-1.46.0-win32-x64\lombok\lombok-1.18.39-4050.jar -XX:+HeapDumpOnOutOfMemoryError -XX:HeapDumpPath=c:\Users\yanvi\AppData\Roaming\Code\User\workspaceStorage\178f25414ecfffcc8c0f35baec765c62\redhat.java -Daether.dependencyCollector.impl=bf 
java_command: c:\Users\yanvi\.vscode\extensions\redhat.java-1.46.0-win32-x64\server\plugins\org.eclipse.equinox.launcher_1.7.0.v20250519-0528.jar -configuration c:\Users\yanvi\AppData\Roaming\Code\User\globalStorage\redhat.java\1.46.0\config_win -data c:\Users\yanvi\AppData\Roaming\Code\User\workspaceStorage\178f25414ecfffcc8c0f35baec765c62\redhat.java\jdt_ws --pipe=\\.\pipe\lsp-c5ec5b17319bf31449cce618ca43a533-sock
java_class_path (initial): c:\Users\yanvi\.vscode\extensions\redhat.java-1.46.0-win32-x64\server\plugins\org.eclipse.equinox.launcher_1.7.0.v20250519-0528.jar
Launcher Type: SUN_STANDARD

[Global flags]
    uintx AdaptiveSizePolicyWeight                 = 90                                        {product} {command line}
     intx CICompilerCount                          = 4                                         {product} {ergonomic}
    uintx GCTimeRatio                              = 4                                         {product} {command line}
     bool HeapDumpOnOutOfMemoryError               = true                                   {manageable} {command line}
    ccstr HeapDumpPath                             = c:\Users\yanvi\AppData\Roaming\Code\User\workspaceStorage\178f25414ecfffcc8c0f35baec765c62\redhat.java         {manageable} {command line}
   size_t InitialHeapSize                          = 104857600                                 {product} {command line}
   size_t MaxHeapSize                              = 2147483648                                {product} {command line}
   size_t MaxNewSize                               = 715653120                                 {product} {ergonomic}
   size_t MinHeapDeltaBytes                        = 524288                                    {product} {ergonomic}
   size_t MinHeapSize                              = 104857600                                 {product} {command line}
   size_t NewSize                                  = 34603008                                  {product} {ergonomic}
    uintx NonNMethodCodeHeapSize                   = 5839372                                {pd product} {ergonomic}
    uintx NonProfiledCodeHeapSize                  = 122909434                              {pd product} {ergonomic}
   size_t OldSize                                  = 70254592                                  {product} {ergonomic}
    uintx ProfiledCodeHeapSize                     = 122909434                              {pd product} {ergonomic}
    uintx ReservedCodeCacheSize                    = 251658240                              {pd product} {ergonomic}
     bool SegmentedCodeCache                       = true                                      {product} {ergonomic}
   size_t SoftMaxHeapSize                          = 2147483648                             {manageable} {ergonomic}
     bool UseCompressedOops                        = true                           {product lp64_product} {ergonomic}
     bool UseLargePagesIndividualAllocation        = false                                  {pd product} {ergonomic}
     bool UseParallelGC                            = true                                      {product} {command line}

Logging:
Log output configuration:
 #0: stdout all=off uptime,level,tags foldmultilines=false
 #1: stderr all=off uptime,level,tags foldmultilines=false

Environment Variables:
JAVA_HOME=C:\Program Files\Java\jdk-17
PATH=C:\Program Files\Eclipse Adoptium\jdk-21.0.8.9-hotspot\bin;C:\Python312\Scripts\;C:\Python312\;C:\Program Files\Common Files\Oracle\Java\javapath;C:\Program Files (x86)\Common Files\Oracle\Java\javapath;C:\Windows\system32;C:\Windows;C:\Windows\System32\Wbem;C:\Windows\System32\WindowsPowerShell\v1.0\;C:\Windows\System32\OpenSSH\;C:\Program Files (x86)\NVIDIA Corporation\PhysX\Common;C:\Program Files\Microsoft SQL Server\150\Tools\Binn\;C:\Program Files\Microsoft SQL Server\Client SDK\ODBC\170\Tools\Binn\;C:\Program Files\dotnet\;C:\Program Files\Cloudflare\Cloudflare WARP\;C:\ProgramData\chocolatey\bin;C:\Users\yanvi\AppData\Roaming\nvm;C:\Program Files\nodejs;C:\Program Files\Git\cmd;C:\Program Files\NVIDIA Corporation\NVIDIA app\NvDLISR;C:\Program Files (x86)\Microsoft SQL Server\170\Tools\Binn\;C:\Program Files\Microsoft SQL Server\170\Tools\Binn\;C:\Program Files\Microsoft SQL Server\Client SDK\ODBC\180\Tools\Binn\;C:\Program Files\Microsoft SQL Server\170\DTS\Binn\;C:\Program Files (x86)\Microsoft SQL Server\160\Tools\Binn\;C:\Program Files\Microsoft SQL Server\160\Tools\Binn\;C:\Program Files\Microsoft SQL Server\160\DTS\Binn\;C:\Program Files\PuTTY\;C:\Program Files\Docker\Docker\resources\bin;C:\Users\yanvi\AppData\Local\Microsoft\WindowsApps;C:\Users\yanvi\.dotnet\tools;C:\Users\yanvi\AppData\Local\Programs\Microsoft VS Code\bin;C:\Users\yanvi\AppData\Roaming\npm;C:\Users\yanvi\AppData\Roaming\nvm;C:\Program Files\nodejs;C:\Users\yanvi\AppData\Local\GitHubDesktop\bin;C:\apache-maven-3.9.11-bin\apache-maven-3.9.11\bin;
USERNAME=yanvi
OS=Windows_NT
PROCESSOR_IDENTIFIER=AMD64 Family 25 Model 80 Stepping 0, AuthenticAMD
TMP=C:\Users\yanvi\AppData\Local\Temp
TEMP=C:\Users\yanvi\AppData\Local\Temp




Periodic native trim disabled

---------------  S Y S T E M  ---------------

OS:
 Windows 10 , 64 bit Build 19041 (10.0.19041.5915)
OS uptime: 4 days 19:47 hours
Hyper-V role detected

CPU: total 12 (initial active 12) (12 cores per cpu, 2 threads per core) family 25 model 80 stepping 0 microcode 0x0, cx8, cmov, fxsr, ht, mmx, 3dnowpref, sse, sse2, sse3, ssse3, sse4a, sse4.1, sse4.2, popcnt, lzcnt, tsc, tscinvbit, avx, avx2, aes, erms, clmul, bmi1, bmi2, adx, sha, fma, vzeroupper, clflush, clflushopt, hv, rdtscp, rdpid, fsrm, f16c, cet_ss
Processor Information for the first 12 processors :
  Max Mhz: 3901, Current Mhz: 3901, Mhz Limit: 3901

Memory: 4k page, system-wide physical 16180M (456M free)
TotalPageFile size 65332M (AvailPageFile size 8M)
current process WorkingSet (physical memory assigned to process): 297M, peak: 298M
current process commit charge ("private bytes"): 387M, peak: 392M

vm_info: OpenJDK 64-Bit Server VM (21.0.8+9-LTS) for windows-amd64 JRE (21.0.8+9-LTS), built on 2025-07-15T00:00:00Z by "admin" with MS VC++ 17.7 (VS2022)

END.
