[INFO ] [2025-10-23T09:09:45,826] [background-preinit] [Version] HV000001: Hibernate Validator 6.2.3.Final 
[INFO ] [2025-10-23T09:09:45,872] [main] [Application] Starting Application using Java 17.0.7 on DESKTOP-R3VRNKM with PID 137620 (C:\Users\yanvi\OneDrive\Área de Trabalho\Tudo de programacao\gubee_estudos\gubee_estudos\interview-junior\core\target\classes started by yanvi in c:\Users\yanvi\OneDrive\Área de Trabalho\Tudo de programacao\gubee_estudos\gubee_estudos\interview-junior) 
[INFO ] [2025-10-23T09:09:45,877] [main] [Application] No active profile set, falling back to 1 default profile: "default" 
[INFO ] [2025-10-23T09:09:46,505] [main] [RepositoryConfigurationDelegate] Bootstrapping Spring Data JDBC repositories in DEFAULT mode. 
[INFO ] [2025-10-23T09:09:46,523] [main] [RepositoryConfigurationDelegate] Finished Spring Data repository scanning in 11 ms. Found 0 JDBC repository interfaces. 
[INFO ] [2025-10-23T09:09:47,104] [main] [TomcatWebServer] Tomcat initialized with port(s): 8080 (http) 
[INFO ] [2025-10-23T09:09:47,122] [main] [Http11NioProtocol] The ["http-nio-8080"] connector has been configured to support HTTP upgrade to [h2c] 
[INFO ] [2025-10-23T09:09:47,123] [main] [Http11NioProtocol] Initializing ProtocolHandler ["http-nio-8080"] 
[INFO ] [2025-10-23T09:09:47,123] [main] [StandardService] Starting service [Tomcat] 
[INFO ] [2025-10-23T09:09:47,124] [main] [StandardEngine] Starting Servlet engine: [Apache Tomcat/9.0.62] 
[INFO ] [2025-10-23T09:09:47,256] [main] [[/]] Initializing Spring embedded WebApplicationContext 
[INFO ] [2025-10-23T09:09:47,256] [main] [ServletWebServerApplicationContext] Root WebApplicationContext: initialization completed in 1328 ms 
[INFO ] [2025-10-23T09:09:47,450] [main] [HikariDataSource] HikariPool-1 - Starting... 
[INFO ] [2025-10-23T09:09:47,835] [main] [HikariDataSource] HikariPool-1 - Start completed. 
[INFO ] [2025-10-23T09:09:47,879] [main] [VersionPrinter] Flyway Community Edition 8.0.5 by Redgate 
[INFO ] [2025-10-23T09:09:47,880] [main] [BaseDatabaseType] Database: jdbc:postgresql://localhost:5432/postgres (PostgreSQL 18.0) 
[WARN ] [2025-10-23T09:09:47,890] [main] [Database] Flyway upgrade recommended: PostgreSQL 18.0 is newer than this version of Flyway and support has not been tested. The latest supported version of PostgreSQL is 14. 
[INFO ] [2025-10-23T09:09:48,088] [main] [DbValidate] Successfully validated 3 migrations (execution time 00:00.070s) 
[INFO ] [2025-10-23T09:09:48,097] [main] [DbMigrate] Current version of schema "interview_service": 1.1 
[INFO ] [2025-10-23T09:09:48,098] [main] [DbMigrate] Schema "interview_service" is up to date. No migration necessary. 
[WARN ] [2025-10-23T09:09:48,142] [main] [AnnotationConfigServletWebServerApplicationContext] Exception encountered during context initialization - cancelling refresh attempt: org.springframework.beans.factory.UnsatisfiedDependencyException: Error creating bean with name 'heroController' defined in file [C:\Users\yanvi\OneDrive\Área de Trabalho\Tudo de programacao\gubee_estudos\gubee_estudos\interview-junior\core\target\classes\br\com\gubee\interview\core\features\hero\HeroController.class]: Unsatisfied dependency expressed through constructor parameter 0; nested exception is org.springframework.beans.factory.UnsatisfiedDependencyException: Error creating bean with name 'heroService' defined in file [C:\Users\yanvi\OneDrive\Área de Trabalho\Tudo de programacao\gubee_estudos\gubee_estudos\interview-junior\core\target\classes\br\com\gubee\interview\core\features\hero\HeroService.class]: Unsatisfied dependency expressed through constructor parameter 2; nested exception is org.springframework.beans.factory.NoSuchBeanDefinitionException: No qualifying bean of type 'br.com.gubee.interview.core.features.hero.HeroResponseMapper' available: expected at least 1 bean which qualifies as autowire candidate. Dependency annotations: {} 
[INFO ] [2025-10-23T09:09:48,143] [main] [HikariDataSource] HikariPool-1 - Shutdown initiated... 
[INFO ] [2025-10-23T09:09:48,153] [main] [HikariDataSource] HikariPool-1 - Shutdown completed. 
[INFO ] [2025-10-23T09:09:48,157] [main] [StandardService] Stopping service [Tomcat] 
[INFO ] [2025-10-23T09:09:48,166] [main] [ConditionEvaluationReportLoggingListener] 

Error starting ApplicationContext. To display the conditions report re-run your application with 'debug' enabled. 
[ERROR] [2025-10-23T09:09:48,185] [main] [LoggingFailureAnalysisReporter] 

***************************
APPLICATION FAILED TO START
***************************

Description:

Parameter 2 of constructor in br.com.gubee.interview.core.features.hero.HeroService required a bean of type 'br.com.gubee.interview.core.features.hero.HeroResponseMapper' that could not be found.


Action:

Consider defining a bean of type 'br.com.gubee.interview.core.features.hero.HeroResponseMapper' in your configuration.
 
[INFO ] [2025-10-23T09:11:42,578] [background-preinit] [Version] HV000001: Hibernate Validator 6.2.3.Final 
[INFO ] [2025-10-23T09:11:42,611] [main] [Application] Starting Application using Java 17.0.7 on DESKTOP-R3VRNKM with PID 142020 (C:\Users\yanvi\OneDrive\Área de Trabalho\Tudo de programacao\gubee_estudos\gubee_estudos\interview-junior\core\target\classes started by yanvi in c:\Users\yanvi\OneDrive\Área de Trabalho\Tudo de programacao\gubee_estudos\gubee_estudos\interview-junior) 
[INFO ] [2025-10-23T09:11:42,615] [main] [Application] No active profile set, falling back to 1 default profile: "default" 
[INFO ] [2025-10-23T09:11:43,125] [main] [RepositoryConfigurationDelegate] Bootstrapping Spring Data JDBC repositories in DEFAULT mode. 
[INFO ] [2025-10-23T09:11:43,142] [main] [RepositoryConfigurationDelegate] Finished Spring Data repository scanning in 11 ms. Found 0 JDBC repository interfaces. 
[INFO ] [2025-10-23T09:11:43,654] [main] [TomcatWebServer] Tomcat initialized with port(s): 8080 (http) 
[INFO ] [2025-10-23T09:11:43,669] [main] [Http11NioProtocol] The ["http-nio-8080"] connector has been configured to support HTTP upgrade to [h2c] 
[INFO ] [2025-10-23T09:11:43,669] [main] [Http11NioProtocol] Initializing ProtocolHandler ["http-nio-8080"] 
[INFO ] [2025-10-23T09:11:43,670] [main] [StandardService] Starting service [Tomcat] 
[INFO ] [2025-10-23T09:11:43,671] [main] [StandardEngine] Starting Servlet engine: [Apache Tomcat/9.0.62] 
[INFO ] [2025-10-23T09:11:43,762] [main] [[/]] Initializing Spring embedded WebApplicationContext 
[INFO ] [2025-10-23T09:11:43,762] [main] [ServletWebServerApplicationContext] Root WebApplicationContext: initialization completed in 1092 ms 
[INFO ] [2025-10-23T09:11:43,930] [main] [HikariDataSource] HikariPool-1 - Starting... 
[INFO ] [2025-10-23T09:11:44,108] [main] [HikariDataSource] HikariPool-1 - Start completed. 
[INFO ] [2025-10-23T09:11:44,125] [main] [VersionPrinter] Flyway Community Edition 8.0.5 by Redgate 
[INFO ] [2025-10-23T09:11:44,126] [main] [BaseDatabaseType] Database: jdbc:postgresql://localhost:5432/postgres (PostgreSQL 18.0) 
[WARN ] [2025-10-23T09:11:44,134] [main] [Database] Flyway upgrade recommended: PostgreSQL 18.0 is newer than this version of Flyway and support has not been tested. The latest supported version of PostgreSQL is 14. 
[INFO ] [2025-10-23T09:11:44,246] [main] [DbValidate] Successfully validated 3 migrations (execution time 00:00.031s) 
[INFO ] [2025-10-23T09:11:44,255] [main] [DbMigrate] Current version of schema "interview_service": 1.1 
[INFO ] [2025-10-23T09:11:44,256] [main] [DbMigrate] Schema "interview_service" is up to date. No migration necessary. 
[INFO ] [2025-10-23T09:11:44,715] [main] [Http11NioProtocol] Starting ProtocolHandler ["http-nio-8080"] 
[INFO ] [2025-10-23T09:11:44,742] [main] [TomcatWebServer] Tomcat started on port(s): 8080 (http) with context path '' 
[INFO ] [2025-10-23T09:11:44,753] [main] [Application] Started Application in 2.413 seconds (JVM running for 3.233) 
[INFO ] [2025-10-23T09:13:12,554] [http-nio-8080-exec-2] [[/]] Initializing Spring DispatcherServlet 'dispatcherServlet' 
[INFO ] [2025-10-23T09:13:12,554] [http-nio-8080-exec-2] [DispatcherServlet] Initializing Servlet 'dispatcherServlet' 
[INFO ] [2025-10-23T09:13:12,556] [http-nio-8080-exec-2] [DispatcherServlet] Completed initialization in 2 ms 
[ERROR] [2025-10-23T09:13:12,951] [http-nio-8080-exec-2] [ExceptionAdvice] Uncaught exception, message=PreparedStatementCallback; SQL [INSERT INTO hero (name, race, power_stats_id) VALUES (?, ?, ?) RETURNING id]; ERRO: duplicar valor da chave viola a restrição de unicidade "hero_name_key"
  Detalhe: Chave (name)=(Teste2) já existe.; nested exception is org.postgresql.util.PSQLException: ERRO: duplicar valor da chave viola a restrição de unicidade "hero_name_key"
  Detalhe: Chave (name)=(Teste2) já existe. 
org.springframework.dao.DuplicateKeyException: PreparedStatementCallback; SQL [INSERT INTO hero (name, race, power_stats_id) VALUES (?, ?, ?) RETURNING id]; ERRO: duplicar valor da chave viola a restrição de unicidade "hero_name_key"
  Detalhe: Chave (name)=(Teste2) já existe.; nested exception is org.postgresql.util.PSQLException: ERRO: duplicar valor da chave viola a restrição de unicidade "hero_name_key"
  Detalhe: Chave (name)=(Teste2) já existe.
	at org.springframework.jdbc.support.SQLErrorCodeSQLExceptionTranslator.doTranslate(SQLErrorCodeSQLExceptionTranslator.java:247) ~[spring-jdbc-5.3.19.jar:5.3.19]
	at org.springframework.jdbc.support.AbstractFallbackSQLExceptionTranslator.translate(AbstractFallbackSQLExceptionTranslator.java:70) ~[spring-jdbc-5.3.19.jar:5.3.19]
	at org.springframework.jdbc.core.JdbcTemplate.translateException(JdbcTemplate.java:1541) ~[spring-jdbc-5.3.19.jar:5.3.19]
	at org.springframework.jdbc.core.JdbcTemplate.execute(JdbcTemplate.java:667) ~[spring-jdbc-5.3.19.jar:5.3.19]
	at org.springframework.jdbc.core.JdbcTemplate.query(JdbcTemplate.java:713) ~[spring-jdbc-5.3.19.jar:5.3.19]
	at org.springframework.jdbc.core.JdbcTemplate.query(JdbcTemplate.java:738) ~[spring-jdbc-5.3.19.jar:5.3.19]
	at org.springframework.jdbc.core.JdbcTemplate.query(JdbcTemplate.java:794) ~[spring-jdbc-5.3.19.jar:5.3.19]
	at org.springframework.jdbc.core.namedparam.NamedParameterJdbcTemplate.queryForObject(NamedParameterJdbcTemplate.java:243) ~[spring-jdbc-5.3.19.jar:5.3.19]
	at org.springframework.jdbc.core.namedparam.NamedParameterJdbcTemplate.queryForObject(NamedParameterJdbcTemplate.java:252) ~[spring-jdbc-5.3.19.jar:5.3.19]
	at org.springframework.jdbc.core.namedparam.NamedParameterJdbcTemplate.queryForObject(NamedParameterJdbcTemplate.java:268) ~[spring-jdbc-5.3.19.jar:5.3.19]
	at br.com.gubee.interview.core.features.hero.HeroRepository.create(HeroRepository.java:54) ~[classes/:?]
	at br.com.gubee.interview.core.features.hero.HeroRepository$$FastClassBySpringCGLIB$$f9c292a4.invoke(<generated>) ~[classes/:?]
	at org.springframework.cglib.proxy.MethodProxy.invoke(MethodProxy.java:218) ~[spring-core-5.3.19.jar:5.3.19]
	at org.springframework.aop.framework.CglibAopProxy$CglibMethodInvocation.invokeJoinpoint(CglibAopProxy.java:793) ~[spring-aop-5.3.19.jar:5.3.19]
	at org.springframework.aop.framework.ReflectiveMethodInvocation.proceed(ReflectiveMethodInvocation.java:163) ~[spring-aop-5.3.19.jar:5.3.19]
	at org.springframework.aop.framework.CglibAopProxy$CglibMethodInvocation.proceed(CglibAopProxy.java:763) ~[spring-aop-5.3.19.jar:5.3.19]
	at org.springframework.dao.support.PersistenceExceptionTranslationInterceptor.invoke(PersistenceExceptionTranslationInterceptor.java:137) ~[spring-tx-5.3.19.jar:5.3.19]
	at org.springframework.aop.framework.ReflectiveMethodInvocation.proceed(ReflectiveMethodInvocation.java:186) ~[spring-aop-5.3.19.jar:5.3.19]
	at org.springframework.aop.framework.CglibAopProxy$CglibMethodInvocation.proceed(CglibAopProxy.java:763) ~[spring-aop-5.3.19.jar:5.3.19]
	at org.springframework.aop.framework.CglibAopProxy$DynamicAdvisedInterceptor.intercept(CglibAopProxy.java:708) ~[spring-aop-5.3.19.jar:5.3.19]
	at br.com.gubee.interview.core.features.hero.HeroRepository$$EnhancerBySpringCGLIB$$2c4bec3a.create(<generated>) ~[classes/:?]
	at br.com.gubee.interview.core.features.hero.HeroService.create(HeroService.java:33) ~[classes/:?]
	at br.com.gubee.interview.core.features.hero.HeroService$$FastClassBySpringCGLIB$$c10dd9b.invoke(<generated>) ~[classes/:?]
	at org.springframework.cglib.proxy.MethodProxy.invoke(MethodProxy.java:218) ~[spring-core-5.3.19.jar:5.3.19]
	at org.springframework.aop.framework.CglibAopProxy$CglibMethodInvocation.invokeJoinpoint(CglibAopProxy.java:793) ~[spring-aop-5.3.19.jar:5.3.19]
	at org.springframework.aop.framework.ReflectiveMethodInvocation.proceed(ReflectiveMethodInvocation.java:163) ~[spring-aop-5.3.19.jar:5.3.19]
	at org.springframework.aop.framework.CglibAopProxy$CglibMethodInvocation.proceed(CglibAopProxy.java:763) ~[spring-aop-5.3.19.jar:5.3.19]
	at org.springframework.transaction.interceptor.TransactionInterceptor$1.proceedWithInvocation(TransactionInterceptor.java:123) ~[spring-tx-5.3.19.jar:5.3.19]
	at org.springframework.transaction.interceptor.TransactionAspectSupport.invokeWithinTransaction(TransactionAspectSupport.java:388) ~[spring-tx-5.3.19.jar:5.3.19]
	at org.springframework.transaction.interceptor.TransactionInterceptor.invoke(TransactionInterceptor.java:119) ~[spring-tx-5.3.19.jar:5.3.19]
	at org.springframework.aop.framework.ReflectiveMethodInvocation.proceed(ReflectiveMethodInvocation.java:186) ~[spring-aop-5.3.19.jar:5.3.19]
	at org.springframework.aop.framework.CglibAopProxy$CglibMethodInvocation.proceed(CglibAopProxy.java:763) ~[spring-aop-5.3.19.jar:5.3.19]
	at org.springframework.aop.framework.CglibAopProxy$DynamicAdvisedInterceptor.intercept(CglibAopProxy.java:708) ~[spring-aop-5.3.19.jar:5.3.19]
	at br.com.gubee.interview.core.features.hero.HeroService$$EnhancerBySpringCGLIB$$7a8e5029.create(<generated>) ~[classes/:?]
	at br.com.gubee.interview.core.features.hero.HeroController.create(HeroController.java:30) ~[classes/:?]
	at jdk.internal.reflect.NativeMethodAccessorImpl.invoke0(Native Method) ~[?:?]
	at jdk.internal.reflect.NativeMethodAccessorImpl.invoke(NativeMethodAccessorImpl.java:77) ~[?:?]
	at jdk.internal.reflect.DelegatingMethodAccessorImpl.invoke(DelegatingMethodAccessorImpl.java:43) ~[?:?]
	at java.lang.reflect.Method.invoke(Method.java:568) ~[?:?]
	at org.springframework.web.method.support.InvocableHandlerMethod.doInvoke(InvocableHandlerMethod.java:205) ~[spring-web-5.3.19.jar:5.3.19]
	at org.springframework.web.method.support.InvocableHandlerMethod.invokeForRequest(InvocableHandlerMethod.java:150) ~[spring-web-5.3.19.jar:5.3.19]
	at org.springframework.web.servlet.mvc.method.annotation.ServletInvocableHandlerMethod.invokeAndHandle(ServletInvocableHandlerMethod.java:117) ~[spring-webmvc-5.3.19.jar:5.3.19]
	at org.springframework.web.servlet.mvc.method.annotation.RequestMappingHandlerAdapter.invokeHandlerMethod(RequestMappingHandlerAdapter.java:895) ~[spring-webmvc-5.3.19.jar:5.3.19]
	at org.springframework.web.servlet.mvc.method.annotation.RequestMappingHandlerAdapter.handleInternal(RequestMappingHandlerAdapter.java:808) ~[spring-webmvc-5.3.19.jar:5.3.19]
	at org.springframework.web.servlet.mvc.method.AbstractHandlerMethodAdapter.handle(AbstractHandlerMethodAdapter.java:87) ~[spring-webmvc-5.3.19.jar:5.3.19]
	at org.springframework.web.servlet.DispatcherServlet.doDispatch(DispatcherServlet.java:1067) ~[spring-webmvc-5.3.19.jar:5.3.19]
	at org.springframework.web.servlet.DispatcherServlet.doService(DispatcherServlet.java:963) ~[spring-webmvc-5.3.19.jar:5.3.19]
	at org.springframework.web.servlet.FrameworkServlet.processRequest(FrameworkServlet.java:1006) ~[spring-webmvc-5.3.19.jar:5.3.19]
	at org.springframework.web.servlet.FrameworkServlet.doPost(FrameworkServlet.java:909) ~[spring-webmvc-5.3.19.jar:5.3.19]
	at javax.servlet.http.HttpServlet.service(HttpServlet.java:681) ~[tomcat-embed-core-9.0.62.jar:4.0.FR]
	at org.springframework.web.servlet.FrameworkServlet.service(FrameworkServlet.java:883) ~[spring-webmvc-5.3.19.jar:5.3.19]
	at javax.servlet.http.HttpServlet.service(HttpServlet.java:764) ~[tomcat-embed-core-9.0.62.jar:4.0.FR]
	at org.apache.catalina.core.ApplicationFilterChain.internalDoFilter(ApplicationFilterChain.java:227) ~[tomcat-embed-core-9.0.62.jar:9.0.62]
	at org.apache.catalina.core.ApplicationFilterChain.doFilter(ApplicationFilterChain.java:162) ~[tomcat-embed-core-9.0.62.jar:9.0.62]
	at org.apache.tomcat.websocket.server.WsFilter.doFilter(WsFilter.java:53) ~[tomcat-embed-websocket-9.0.62.jar:9.0.62]
	at org.apache.catalina.core.ApplicationFilterChain.internalDoFilter(ApplicationFilterChain.java:189) ~[tomcat-embed-core-9.0.62.jar:9.0.62]
	at org.apache.catalina.core.ApplicationFilterChain.doFilter(ApplicationFilterChain.java:162) ~[tomcat-embed-core-9.0.62.jar:9.0.62]
	at org.springframework.web.filter.RequestContextFilter.doFilterInternal(RequestContextFilter.java:100) ~[spring-web-5.3.19.jar:5.3.19]
	at org.springframework.web.filter.OncePerRequestFilter.doFilter(OncePerRequestFilter.java:117) ~[spring-web-5.3.19.jar:5.3.19]
	at org.apache.catalina.core.ApplicationFilterChain.internalDoFilter(ApplicationFilterChain.java:189) ~[tomcat-embed-core-9.0.62.jar:9.0.62]
	at org.apache.catalina.core.ApplicationFilterChain.doFilter(ApplicationFilterChain.java:162) ~[tomcat-embed-core-9.0.62.jar:9.0.62]
	at org.springframework.web.filter.FormContentFilter.doFilterInternal(FormContentFilter.java:93) ~[spring-web-5.3.19.jar:5.3.19]
	at org.springframework.web.filter.OncePerRequestFilter.doFilter(OncePerRequestFilter.java:117) ~[spring-web-5.3.19.jar:5.3.19]
	at org.apache.catalina.core.ApplicationFilterChain.internalDoFilter(ApplicationFilterChain.java:189) ~[tomcat-embed-core-9.0.62.jar:9.0.62]
	at org.apache.catalina.core.ApplicationFilterChain.doFilter(ApplicationFilterChain.java:162) ~[tomcat-embed-core-9.0.62.jar:9.0.62]
	at org.springframework.web.filter.CharacterEncodingFilter.doFilterInternal(CharacterEncodingFilter.java:201) ~[spring-web-5.3.19.jar:5.3.19]
	at org.springframework.web.filter.OncePerRequestFilter.doFilter(OncePerRequestFilter.java:117) ~[spring-web-5.3.19.jar:5.3.19]
	at org.apache.catalina.core.ApplicationFilterChain.internalDoFilter(ApplicationFilterChain.java:189) ~[tomcat-embed-core-9.0.62.jar:9.0.62]
	at org.apache.catalina.core.ApplicationFilterChain.doFilter(ApplicationFilterChain.java:162) ~[tomcat-embed-core-9.0.62.jar:9.0.62]
	at org.apache.catalina.core.StandardWrapperValve.invoke(StandardWrapperValve.java:197) ~[tomcat-embed-core-9.0.62.jar:9.0.62]
	at org.apache.catalina.core.StandardContextValve.invoke(StandardContextValve.java:97) ~[tomcat-embed-core-9.0.62.jar:9.0.62]
	at org.apache.catalina.authenticator.AuthenticatorBase.invoke(AuthenticatorBase.java:541) ~[tomcat-embed-core-9.0.62.jar:9.0.62]
	at org.apache.catalina.core.StandardHostValve.invoke(StandardHostValve.java:135) ~[tomcat-embed-core-9.0.62.jar:9.0.62]
	at org.apache.catalina.valves.ErrorReportValve.invoke(ErrorReportValve.java:92) ~[tomcat-embed-core-9.0.62.jar:9.0.62]
	at org.apache.catalina.core.StandardEngineValve.invoke(StandardEngineValve.java:78) ~[tomcat-embed-core-9.0.62.jar:9.0.62]
	at org.apache.catalina.connector.CoyoteAdapter.service(CoyoteAdapter.java:360) ~[tomcat-embed-core-9.0.62.jar:9.0.62]
	at org.apache.coyote.http11.Http11Processor.service(Http11Processor.java:399) ~[tomcat-embed-core-9.0.62.jar:9.0.62]
	at org.apache.coyote.AbstractProcessorLight.process(AbstractProcessorLight.java:65) ~[tomcat-embed-core-9.0.62.jar:9.0.62]
	at org.apache.coyote.AbstractProtocol$ConnectionHandler.process(AbstractProtocol.java:890) ~[tomcat-embed-core-9.0.62.jar:9.0.62]
	at org.apache.tomcat.util.net.NioEndpoint$SocketProcessor.doRun(NioEndpoint.java:1743) ~[tomcat-embed-core-9.0.62.jar:9.0.62]
	at org.apache.tomcat.util.net.SocketProcessorBase.run(SocketProcessorBase.java:49) ~[tomcat-embed-core-9.0.62.jar:9.0.62]
	at org.apache.tomcat.util.threads.ThreadPoolExecutor.runWorker(ThreadPoolExecutor.java:1191) ~[tomcat-embed-core-9.0.62.jar:9.0.62]
	at org.apache.tomcat.util.threads.ThreadPoolExecutor$Worker.run(ThreadPoolExecutor.java:659) ~[tomcat-embed-core-9.0.62.jar:9.0.62]
	at org.apache.tomcat.util.threads.TaskThread$WrappingRunnable.run(TaskThread.java:61) ~[tomcat-embed-core-9.0.62.jar:9.0.62]
	at java.lang.Thread.run(Thread.java:833) ~[?:?]
Caused by: org.postgresql.util.PSQLException: ERRO: duplicar valor da chave viola a restrição de unicidade "hero_name_key"
  Detalhe: Chave (name)=(Teste2) já existe.
	at org.postgresql.core.v3.QueryExecutorImpl.receiveErrorResponse(QueryExecutorImpl.java:2675) ~[postgresql-42.3.4.jar:42.3.4]
	at org.postgresql.core.v3.QueryExecutorImpl.processResults(QueryExecutorImpl.java:2365) ~[postgresql-42.3.4.jar:42.3.4]
	at org.postgresql.core.v3.QueryExecutorImpl.execute(QueryExecutorImpl.java:355) ~[postgresql-42.3.4.jar:42.3.4]
	at org.postgresql.jdbc.PgStatement.executeInternal(PgStatement.java:490) ~[postgresql-42.3.4.jar:42.3.4]
	at org.postgresql.jdbc.PgStatement.execute(PgStatement.java:408) ~[postgresql-42.3.4.jar:42.3.4]
	at org.postgresql.jdbc.PgPreparedStatement.executeWithFlags(PgPreparedStatement.java:167) ~[postgresql-42.3.4.jar:42.3.4]
	at org.postgresql.jdbc.PgPreparedStatement.executeQuery(PgPreparedStatement.java:119) ~[postgresql-42.3.4.jar:42.3.4]
	at com.zaxxer.hikari.pool.ProxyPreparedStatement.executeQuery(ProxyPreparedStatement.java:52) ~[HikariCP-4.0.3.jar:?]
	at com.zaxxer.hikari.pool.HikariProxyPreparedStatement.executeQuery(HikariProxyPreparedStatement.java) ~[HikariCP-4.0.3.jar:?]
	at org.springframework.jdbc.core.JdbcTemplate$1.doInPreparedStatement(JdbcTemplate.java:722) ~[spring-jdbc-5.3.19.jar:5.3.19]
	at org.springframework.jdbc.core.JdbcTemplate.execute(JdbcTemplate.java:651) ~[spring-jdbc-5.3.19.jar:5.3.19]
	... 81 more
[WARN ] [2025-10-23T09:18:11,216] [http-nio-8080-exec-2] [ExceptionAdvice] Ambiguous handler methods mapped for '/api/v1/heroes/delete/12e20952-6cda-4994-b506-be091cc1f8dc': {public org.springframework.http.ResponseEntity br.com.gubee.interview.core.features.hero.HeroController.deleteById(java.lang.String), public org.springframework.http.ResponseEntity br.com.gubee.interview.core.features.hero.HeroController.deleteById(java.util.UUID)} 
[WARN ] [2025-10-23T09:18:32,615] [http-nio-8080-exec-3] [ExceptionAdvice] Ambiguous handler methods mapped for '/api/v1/heroes/delete/12e20952-6cda-4994-b506-be091cc1f8dc': {public org.springframework.http.ResponseEntity br.com.gubee.interview.core.features.hero.HeroController.deleteById(java.lang.String), public org.springframework.http.ResponseEntity br.com.gubee.interview.core.features.hero.HeroController.deleteById(java.util.UUID)} 
[INFO ] [2025-10-23T09:19:12,132] [background-preinit] [Version] HV000001: Hibernate Validator 6.2.3.Final 
[INFO ] [2025-10-23T09:19:12,166] [main] [Application] Starting Application using Java 17.0.7 on DESKTOP-R3VRNKM with PID 10244 (C:\Users\yanvi\OneDrive\Área de Trabalho\Tudo de programacao\gubee_estudos\gubee_estudos\interview-junior\core\target\classes started by yanvi in c:\Users\yanvi\OneDrive\Área de Trabalho\Tudo de programacao\gubee_estudos\gubee_estudos\interview-junior) 
[INFO ] [2025-10-23T09:19:12,170] [main] [Application] No active profile set, falling back to 1 default profile: "default" 
[INFO ] [2025-10-23T09:19:12,692] [main] [RepositoryConfigurationDelegate] Bootstrapping Spring Data JDBC repositories in DEFAULT mode. 
[INFO ] [2025-10-23T09:19:12,706] [main] [RepositoryConfigurationDelegate] Finished Spring Data repository scanning in 9 ms. Found 0 JDBC repository interfaces. 
[INFO ] [2025-10-23T09:19:13,276] [main] [TomcatWebServer] Tomcat initialized with port(s): 8080 (http) 
[INFO ] [2025-10-23T09:19:13,295] [main] [Http11NioProtocol] The ["http-nio-8080"] connector has been configured to support HTTP upgrade to [h2c] 
[INFO ] [2025-10-23T09:19:13,295] [main] [Http11NioProtocol] Initializing ProtocolHandler ["http-nio-8080"] 
[INFO ] [2025-10-23T09:19:13,296] [main] [StandardService] Starting service [Tomcat] 
[INFO ] [2025-10-23T09:19:13,296] [main] [StandardEngine] Starting Servlet engine: [Apache Tomcat/9.0.62] 
[INFO ] [2025-10-23T09:19:13,423] [main] [[/]] Initializing Spring embedded WebApplicationContext 
[INFO ] [2025-10-23T09:19:13,423] [main] [ServletWebServerApplicationContext] Root WebApplicationContext: initialization completed in 1213 ms 
[INFO ] [2025-10-23T09:19:13,593] [main] [HikariDataSource] HikariPool-1 - Starting... 
[INFO ] [2025-10-23T09:19:13,788] [main] [HikariDataSource] HikariPool-1 - Start completed. 
[INFO ] [2025-10-23T09:19:13,803] [main] [VersionPrinter] Flyway Community Edition 8.0.5 by Redgate 
[INFO ] [2025-10-23T09:19:13,803] [main] [BaseDatabaseType] Database: jdbc:postgresql://localhost:5432/postgres (PostgreSQL 18.0) 
[WARN ] [2025-10-23T09:19:13,811] [main] [Database] Flyway upgrade recommended: PostgreSQL 18.0 is newer than this version of Flyway and support has not been tested. The latest supported version of PostgreSQL is 14. 
[INFO ] [2025-10-23T09:19:13,915] [main] [DbValidate] Successfully validated 3 migrations (execution time 00:00.028s) 
[INFO ] [2025-10-23T09:19:13,924] [main] [DbMigrate] Current version of schema "interview_service": 1.1 
[INFO ] [2025-10-23T09:19:13,925] [main] [DbMigrate] Schema "interview_service" is up to date. No migration necessary. 
[INFO ] [2025-10-23T09:19:14,387] [main] [Http11NioProtocol] Starting ProtocolHandler ["http-nio-8080"] 
[INFO ] [2025-10-23T09:19:14,412] [main] [TomcatWebServer] Tomcat started on port(s): 8080 (http) with context path '' 
[INFO ] [2025-10-23T09:19:14,422] [main] [Application] Started Application in 2.581 seconds (JVM running for 3.65) 
[INFO ] [2025-10-23T09:19:20,457] [http-nio-8080-exec-2] [[/]] Initializing Spring DispatcherServlet 'dispatcherServlet' 
[INFO ] [2025-10-23T09:19:20,458] [http-nio-8080-exec-2] [DispatcherServlet] Initializing Servlet 'dispatcherServlet' 
[INFO ] [2025-10-23T09:19:20,459] [http-nio-8080-exec-2] [DispatcherServlet] Completed initialization in 1 ms 
[ERROR] [2025-10-23T09:19:41,700] [http-nio-8080-exec-4] [ExceptionAdvice] Uncaught exception, message=404 NOT_FOUND "Hero not found" 
org.springframework.web.server.ResponseStatusException: 404 NOT_FOUND "Hero not found"
	at br.com.gubee.interview.core.features.hero.HeroService.lambda$5(HeroService.java:110) ~[classes/:?]
	at java.util.Optional.orElseThrow(Optional.java:403) ~[?:?]
	at br.com.gubee.interview.core.features.hero.HeroService.findById(HeroService.java:110) ~[classes/:?]
	at br.com.gubee.interview.core.features.hero.HeroService$$FastClassBySpringCGLIB$$c10dd9b.invoke(<generated>) ~[classes/:?]
	at org.springframework.cglib.proxy.MethodProxy.invoke(MethodProxy.java:218) ~[spring-core-5.3.19.jar:5.3.19]
	at org.springframework.aop.framework.CglibAopProxy.invokeMethod(CglibAopProxy.java:386) ~[spring-aop-5.3.19.jar:5.3.19]
	at org.springframework.aop.framework.CglibAopProxy.access$000(CglibAopProxy.java:85) ~[spring-aop-5.3.19.jar:5.3.19]
	at org.springframework.aop.framework.CglibAopProxy$DynamicAdvisedInterceptor.intercept(CglibAopProxy.java:704) ~[spring-aop-5.3.19.jar:5.3.19]
	at br.com.gubee.interview.core.features.hero.HeroService$$EnhancerBySpringCGLIB$$611cfb33.findById(<generated>) ~[classes/:?]
	at br.com.gubee.interview.core.features.hero.HeroController.findById(HeroController.java:49) ~[classes/:?]
	at jdk.internal.reflect.NativeMethodAccessorImpl.invoke0(Native Method) ~[?:?]
	at jdk.internal.reflect.NativeMethodAccessorImpl.invoke(NativeMethodAccessorImpl.java:77) ~[?:?]
	at jdk.internal.reflect.DelegatingMethodAccessorImpl.invoke(DelegatingMethodAccessorImpl.java:43) ~[?:?]
	at java.lang.reflect.Method.invoke(Method.java:568) ~[?:?]
	at org.springframework.web.method.support.InvocableHandlerMethod.doInvoke(InvocableHandlerMethod.java:205) ~[spring-web-5.3.19.jar:5.3.19]
	at org.springframework.web.method.support.InvocableHandlerMethod.invokeForRequest(InvocableHandlerMethod.java:150) ~[spring-web-5.3.19.jar:5.3.19]
	at org.springframework.web.servlet.mvc.method.annotation.ServletInvocableHandlerMethod.invokeAndHandle(ServletInvocableHandlerMethod.java:117) ~[spring-webmvc-5.3.19.jar:5.3.19]
	at org.springframework.web.servlet.mvc.method.annotation.RequestMappingHandlerAdapter.invokeHandlerMethod(RequestMappingHandlerAdapter.java:895) ~[spring-webmvc-5.3.19.jar:5.3.19]
	at org.springframework.web.servlet.mvc.method.annotation.RequestMappingHandlerAdapter.handleInternal(RequestMappingHandlerAdapter.java:808) ~[spring-webmvc-5.3.19.jar:5.3.19]
	at org.springframework.web.servlet.mvc.method.AbstractHandlerMethodAdapter.handle(AbstractHandlerMethodAdapter.java:87) ~[spring-webmvc-5.3.19.jar:5.3.19]
	at org.springframework.web.servlet.DispatcherServlet.doDispatch(DispatcherServlet.java:1067) ~[spring-webmvc-5.3.19.jar:5.3.19]
	at org.springframework.web.servlet.DispatcherServlet.doService(DispatcherServlet.java:963) ~[spring-webmvc-5.3.19.jar:5.3.19]
	at org.springframework.web.servlet.FrameworkServlet.processRequest(FrameworkServlet.java:1006) ~[spring-webmvc-5.3.19.jar:5.3.19]
	at org.springframework.web.servlet.FrameworkServlet.doGet(FrameworkServlet.java:898) ~[spring-webmvc-5.3.19.jar:5.3.19]
	at javax.servlet.http.HttpServlet.service(HttpServlet.java:655) ~[tomcat-embed-core-9.0.62.jar:4.0.FR]
	at org.springframework.web.servlet.FrameworkServlet.service(FrameworkServlet.java:883) ~[spring-webmvc-5.3.19.jar:5.3.19]
	at javax.servlet.http.HttpServlet.service(HttpServlet.java:764) ~[tomcat-embed-core-9.0.62.jar:4.0.FR]
	at org.apache.catalina.core.ApplicationFilterChain.internalDoFilter(ApplicationFilterChain.java:227) ~[tomcat-embed-core-9.0.62.jar:9.0.62]
	at org.apache.catalina.core.ApplicationFilterChain.doFilter(ApplicationFilterChain.java:162) ~[tomcat-embed-core-9.0.62.jar:9.0.62]
	at org.apache.tomcat.websocket.server.WsFilter.doFilter(WsFilter.java:53) ~[tomcat-embed-websocket-9.0.62.jar:9.0.62]
	at org.apache.catalina.core.ApplicationFilterChain.internalDoFilter(ApplicationFilterChain.java:189) ~[tomcat-embed-core-9.0.62.jar:9.0.62]
	at org.apache.catalina.core.ApplicationFilterChain.doFilter(ApplicationFilterChain.java:162) ~[tomcat-embed-core-9.0.62.jar:9.0.62]
	at org.springframework.web.filter.RequestContextFilter.doFilterInternal(RequestContextFilter.java:100) ~[spring-web-5.3.19.jar:5.3.19]
	at org.springframework.web.filter.OncePerRequestFilter.doFilter(OncePerRequestFilter.java:117) ~[spring-web-5.3.19.jar:5.3.19]
	at org.apache.catalina.core.ApplicationFilterChain.internalDoFilter(ApplicationFilterChain.java:189) ~[tomcat-embed-core-9.0.62.jar:9.0.62]
	at org.apache.catalina.core.ApplicationFilterChain.doFilter(ApplicationFilterChain.java:162) ~[tomcat-embed-core-9.0.62.jar:9.0.62]
	at org.springframework.web.filter.FormContentFilter.doFilterInternal(FormContentFilter.java:93) ~[spring-web-5.3.19.jar:5.3.19]
	at org.springframework.web.filter.OncePerRequestFilter.doFilter(OncePerRequestFilter.java:117) ~[spring-web-5.3.19.jar:5.3.19]
	at org.apache.catalina.core.ApplicationFilterChain.internalDoFilter(ApplicationFilterChain.java:189) ~[tomcat-embed-core-9.0.62.jar:9.0.62]
	at org.apache.catalina.core.ApplicationFilterChain.doFilter(ApplicationFilterChain.java:162) ~[tomcat-embed-core-9.0.62.jar:9.0.62]
	at org.springframework.web.filter.CharacterEncodingFilter.doFilterInternal(CharacterEncodingFilter.java:201) ~[spring-web-5.3.19.jar:5.3.19]
	at org.springframework.web.filter.OncePerRequestFilter.doFilter(OncePerRequestFilter.java:117) ~[spring-web-5.3.19.jar:5.3.19]
	at org.apache.catalina.core.ApplicationFilterChain.internalDoFilter(ApplicationFilterChain.java:189) ~[tomcat-embed-core-9.0.62.jar:9.0.62]
	at org.apache.catalina.core.ApplicationFilterChain.doFilter(ApplicationFilterChain.java:162) ~[tomcat-embed-core-9.0.62.jar:9.0.62]
	at org.apache.catalina.core.StandardWrapperValve.invoke(StandardWrapperValve.java:197) ~[tomcat-embed-core-9.0.62.jar:9.0.62]
	at org.apache.catalina.core.StandardContextValve.invoke(StandardContextValve.java:97) ~[tomcat-embed-core-9.0.62.jar:9.0.62]
	at org.apache.catalina.authenticator.AuthenticatorBase.invoke(AuthenticatorBase.java:541) ~[tomcat-embed-core-9.0.62.jar:9.0.62]
	at org.apache.catalina.core.StandardHostValve.invoke(StandardHostValve.java:135) ~[tomcat-embed-core-9.0.62.jar:9.0.62]
	at org.apache.catalina.valves.ErrorReportValve.invoke(ErrorReportValve.java:92) ~[tomcat-embed-core-9.0.62.jar:9.0.62]
	at org.apache.catalina.core.StandardEngineValve.invoke(StandardEngineValve.java:78) ~[tomcat-embed-core-9.0.62.jar:9.0.62]
	at org.apache.catalina.connector.CoyoteAdapter.service(CoyoteAdapter.java:360) ~[tomcat-embed-core-9.0.62.jar:9.0.62]
	at org.apache.coyote.http11.Http11Processor.service(Http11Processor.java:399) ~[tomcat-embed-core-9.0.62.jar:9.0.62]
	at org.apache.coyote.AbstractProcessorLight.process(AbstractProcessorLight.java:65) ~[tomcat-embed-core-9.0.62.jar:9.0.62]
	at org.apache.coyote.AbstractProtocol$ConnectionHandler.process(AbstractProtocol.java:890) ~[tomcat-embed-core-9.0.62.jar:9.0.62]
	at org.apache.tomcat.util.net.NioEndpoint$SocketProcessor.doRun(NioEndpoint.java:1743) ~[tomcat-embed-core-9.0.62.jar:9.0.62]
	at org.apache.tomcat.util.net.SocketProcessorBase.run(SocketProcessorBase.java:49) ~[tomcat-embed-core-9.0.62.jar:9.0.62]
	at org.apache.tomcat.util.threads.ThreadPoolExecutor.runWorker(ThreadPoolExecutor.java:1191) ~[tomcat-embed-core-9.0.62.jar:9.0.62]
	at org.apache.tomcat.util.threads.ThreadPoolExecutor$Worker.run(ThreadPoolExecutor.java:659) ~[tomcat-embed-core-9.0.62.jar:9.0.62]
	at org.apache.tomcat.util.threads.TaskThread$WrappingRunnable.run(TaskThread.java:61) ~[tomcat-embed-core-9.0.62.jar:9.0.62]
	at java.lang.Thread.run(Thread.java:833) ~[?:?]
[INFO ] [2025-10-23T13:14:00,395] [background-preinit] [Version] HV000001: Hibernate Validator 6.2.3.Final 
[INFO ] [2025-10-23T13:14:00,437] [main] [Application] Starting Application using Java 17.0.7 on DESKTOP-R3VRNKM with PID 142300 (C:\Users\yanvi\OneDrive\Área de Trabalho\Tudo de programacao\gubee_estudos\gubee_estudos\interview-junior\core\target\classes started by yanvi in c:\Users\yanvi\OneDrive\Área de Trabalho\Tudo de programacao\gubee_estudos\gubee_estudos\interview-junior) 
[INFO ] [2025-10-23T13:14:00,442] [main] [Application] No active profile set, falling back to 1 default profile: "default" 
[INFO ] [2025-10-23T13:14:01,111] [main] [RepositoryConfigurationDelegate] Bootstrapping Spring Data JDBC repositories in DEFAULT mode. 
[INFO ] [2025-10-23T13:14:01,130] [main] [RepositoryConfigurationDelegate] Finished Spring Data repository scanning in 12 ms. Found 0 JDBC repository interfaces. 
[INFO ] [2025-10-23T13:14:01,697] [main] [TomcatWebServer] Tomcat initialized with port(s): 8080 (http) 
[INFO ] [2025-10-23T13:14:01,720] [main] [Http11NioProtocol] The ["http-nio-8080"] connector has been configured to support HTTP upgrade to [h2c] 
[INFO ] [2025-10-23T13:14:01,720] [main] [Http11NioProtocol] Initializing ProtocolHandler ["http-nio-8080"] 
[INFO ] [2025-10-23T13:14:01,721] [main] [StandardService] Starting service [Tomcat] 
[INFO ] [2025-10-23T13:14:01,722] [main] [StandardEngine] Starting Servlet engine: [Apache Tomcat/9.0.62] 
[INFO ] [2025-10-23T13:14:01,859] [main] [[/]] Initializing Spring embedded WebApplicationContext 
[INFO ] [2025-10-23T13:14:01,860] [main] [ServletWebServerApplicationContext] Root WebApplicationContext: initialization completed in 1364 ms 
[INFO ] [2025-10-23T13:14:02,059] [main] [HikariDataSource] HikariPool-1 - Starting... 
[INFO ] [2025-10-23T13:14:02,445] [main] [HikariDataSource] HikariPool-1 - Start completed. 
[INFO ] [2025-10-23T13:14:02,485] [main] [VersionPrinter] Flyway Community Edition 8.0.5 by Redgate 
[INFO ] [2025-10-23T13:14:02,485] [main] [BaseDatabaseType] Database: jdbc:postgresql://localhost:5432/postgres (PostgreSQL 18.0) 
[WARN ] [2025-10-23T13:14:02,496] [main] [Database] Flyway upgrade recommended: PostgreSQL 18.0 is newer than this version of Flyway and support has not been tested. The latest supported version of PostgreSQL is 14. 
[INFO ] [2025-10-23T13:14:02,662] [main] [DbValidate] Successfully validated 3 migrations (execution time 00:00.050s) 
[INFO ] [2025-10-23T13:14:02,675] [main] [DbMigrate] Current version of schema "interview_service": 1.1 
[INFO ] [2025-10-23T13:14:02,677] [main] [DbMigrate] Schema "interview_service" is up to date. No migration necessary. 
[INFO ] [2025-10-23T13:14:03,204] [main] [Http11NioProtocol] Starting ProtocolHandler ["http-nio-8080"] 
[INFO ] [2025-10-23T13:14:03,232] [main] [TomcatWebServer] Tomcat started on port(s): 8080 (http) with context path '' 
[INFO ] [2025-10-23T13:14:03,241] [main] [Application] Started Application in 3.161 seconds (JVM running for 4.558) 
[INFO ] [2025-10-23T13:14:36,482] [http-nio-8080-exec-2] [[/]] Initializing Spring DispatcherServlet 'dispatcherServlet' 
[INFO ] [2025-10-23T13:14:36,482] [http-nio-8080-exec-2] [DispatcherServlet] Initializing Servlet 'dispatcherServlet' 
[INFO ] [2025-10-23T13:14:36,483] [http-nio-8080-exec-2] [DispatcherServlet] Completed initialization in 1 ms 
[INFO ] [2025-10-23T13:26:11,693] [background-preinit] [Version] HV000001: Hibernate Validator 6.2.3.Final 
[INFO ] [2025-10-23T13:26:11,736] [main] [Application] Starting Application using Java 17.0.7 on DESKTOP-R3VRNKM with PID 12820 (C:\Users\yanvi\OneDrive\Área de Trabalho\Tudo de programacao\gubee_estudos\gubee_estudos\interview-junior\core\target\classes started by yanvi in c:\Users\yanvi\OneDrive\Área de Trabalho\Tudo de programacao\gubee_estudos\gubee_estudos\interview-junior) 
[INFO ] [2025-10-23T13:26:11,741] [main] [Application] No active profile set, falling back to 1 default profile: "default" 
[INFO ] [2025-10-23T13:26:12,349] [main] [RepositoryConfigurationDelegate] Bootstrapping Spring Data JDBC repositories in DEFAULT mode. 
[INFO ] [2025-10-23T13:26:12,371] [main] [RepositoryConfigurationDelegate] Finished Spring Data repository scanning in 15 ms. Found 0 JDBC repository interfaces. 
[INFO ] [2025-10-23T13:26:13,055] [main] [TomcatWebServer] Tomcat initialized with port(s): 8080 (http) 
[INFO ] [2025-10-23T13:26:13,079] [main] [Http11NioProtocol] The ["http-nio-8080"] connector has been configured to support HTTP upgrade to [h2c] 
[INFO ] [2025-10-23T13:26:13,080] [main] [Http11NioProtocol] Initializing ProtocolHandler ["http-nio-8080"] 
[INFO ] [2025-10-23T13:26:13,081] [main] [StandardService] Starting service [Tomcat] 
[INFO ] [2025-10-23T13:26:13,081] [main] [StandardEngine] Starting Servlet engine: [Apache Tomcat/9.0.62] 
[INFO ] [2025-10-23T13:26:13,218] [main] [[/]] Initializing Spring embedded WebApplicationContext 
[INFO ] [2025-10-23T13:26:13,218] [main] [ServletWebServerApplicationContext] Root WebApplicationContext: initialization completed in 1427 ms 
[INFO ] [2025-10-23T13:26:13,422] [main] [HikariDataSource] HikariPool-1 - Starting... 
[INFO ] [2025-10-23T13:26:13,691] [main] [HikariDataSource] HikariPool-1 - Start completed. 
[INFO ] [2025-10-23T13:26:13,730] [main] [VersionPrinter] Flyway Community Edition 8.0.5 by Redgate 
[INFO ] [2025-10-23T13:26:13,730] [main] [BaseDatabaseType] Database: jdbc:postgresql://localhost:5432/postgres (PostgreSQL 18.0) 
[WARN ] [2025-10-23T13:26:13,739] [main] [Database] Flyway upgrade recommended: PostgreSQL 18.0 is newer than this version of Flyway and support has not been tested. The latest supported version of PostgreSQL is 14. 
[INFO ] [2025-10-23T13:26:13,885] [main] [DbValidate] Successfully validated 3 migrations (execution time 00:00.044s) 
[INFO ] [2025-10-23T13:26:13,894] [main] [DbMigrate] Current version of schema "interview_service": 1.1 
[INFO ] [2025-10-23T13:26:13,896] [main] [DbMigrate] Schema "interview_service" is up to date. No migration necessary. 
[INFO ] [2025-10-23T13:26:14,441] [main] [Http11NioProtocol] Starting ProtocolHandler ["http-nio-8080"] 
[INFO ] [2025-10-23T13:26:14,472] [main] [TomcatWebServer] Tomcat started on port(s): 8080 (http) with context path '' 
[INFO ] [2025-10-23T13:26:14,484] [main] [Application] Started Application in 3.095 seconds (JVM running for 4.026) 
[INFO ] [2025-10-23T13:28:00,682] [background-preinit] [Version] HV000001: Hibernate Validator 6.2.3.Final 
[INFO ] [2025-10-23T13:28:00,730] [main] [Application] Starting Application using Java 17.0.7 on DESKTOP-R3VRNKM with PID 151668 (C:\Users\yanvi\OneDrive\Área de Trabalho\Tudo de programacao\gubee_estudos\gubee_estudos\interview-junior\core\target\classes started by yanvi in c:\Users\yanvi\OneDrive\Área de Trabalho\Tudo de programacao\gubee_estudos\gubee_estudos\interview-junior) 
[INFO ] [2025-10-23T13:28:00,735] [main] [Application] No active profile set, falling back to 1 default profile: "default" 
[INFO ] [2025-10-23T13:28:01,367] [main] [RepositoryConfigurationDelegate] Bootstrapping Spring Data JDBC repositories in DEFAULT mode. 
[INFO ] [2025-10-23T13:28:01,380] [main] [RepositoryConfigurationDelegate] Finished Spring Data repository scanning in 9 ms. Found 0 JDBC repository interfaces. 
[INFO ] [2025-10-23T13:28:02,023] [main] [TomcatWebServer] Tomcat initialized with port(s): 8080 (http) 
[INFO ] [2025-10-23T13:28:02,042] [main] [Http11NioProtocol] The ["http-nio-8080"] connector has been configured to support HTTP upgrade to [h2c] 
[INFO ] [2025-10-23T13:28:02,042] [main] [Http11NioProtocol] Initializing ProtocolHandler ["http-nio-8080"] 
[INFO ] [2025-10-23T13:28:02,043] [main] [StandardService] Starting service [Tomcat] 
[INFO ] [2025-10-23T13:28:02,043] [main] [StandardEngine] Starting Servlet engine: [Apache Tomcat/9.0.62] 
[INFO ] [2025-10-23T13:28:02,182] [main] [[/]] Initializing Spring embedded WebApplicationContext 
[INFO ] [2025-10-23T13:28:02,182] [main] [ServletWebServerApplicationContext] Root WebApplicationContext: initialization completed in 1382 ms 
[INFO ] [2025-10-23T13:28:02,344] [main] [HikariDataSource] HikariPool-1 - Starting... 
[INFO ] [2025-10-23T13:28:02,831] [main] [HikariDataSource] HikariPool-1 - Start completed. 
[INFO ] [2025-10-23T13:28:02,874] [main] [VersionPrinter] Flyway Community Edition 8.0.5 by Redgate 
[INFO ] [2025-10-23T13:28:02,875] [main] [BaseDatabaseType] Database: jdbc:postgresql://localhost:5432/postgres (PostgreSQL 18.0) 
[WARN ] [2025-10-23T13:28:02,884] [main] [Database] Flyway upgrade recommended: PostgreSQL 18.0 is newer than this version of Flyway and support has not been tested. The latest supported version of PostgreSQL is 14. 
[INFO ] [2025-10-23T13:28:03,053] [main] [DbValidate] Successfully validated 3 migrations (execution time 00:00.043s) 
[INFO ] [2025-10-23T13:28:03,062] [main] [DbMigrate] Current version of schema "interview_service": 1.1 
[INFO ] [2025-10-23T13:28:03,063] [main] [DbMigrate] Schema "interview_service" is up to date. No migration necessary. 
[INFO ] [2025-10-23T13:28:03,515] [main] [Http11NioProtocol] Starting ProtocolHandler ["http-nio-8080"] 
[INFO ] [2025-10-23T13:28:03,546] [main] [TomcatWebServer] Tomcat started on port(s): 8080 (http) with context path '' 
[INFO ] [2025-10-23T13:28:03,555] [main] [Application] Started Application in 3.195 seconds (JVM running for 3.958) 
[INFO ] [2025-10-23T13:28:08,603] [http-nio-8080-exec-1] [[/]] Initializing Spring DispatcherServlet 'dispatcherServlet' 
[INFO ] [2025-10-23T13:28:08,603] [http-nio-8080-exec-1] [DispatcherServlet] Initializing Servlet 'dispatcherServlet' 
[INFO ] [2025-10-23T13:28:08,604] [http-nio-8080-exec-1] [DispatcherServlet] Completed initialization in 1 ms 
